Archive member included to satisfy reference by file (symbol)

c:/program files (x86)/atmel/studio/7.0/toolchain/avr8/avr8-gnu-toolchain/bin/../lib/gcc/avr/4.9.2/../../../../avr/lib/avr5\libm.a(divsf3.o)
                              Sketch.o (__divsf3)
c:/program files (x86)/atmel/studio/7.0/toolchain/avr8/avr8-gnu-toolchain/bin/../lib/gcc/avr/4.9.2/../../../../avr/lib/avr5\libm.a(divsf3x.o)
                              c:/program files (x86)/atmel/studio/7.0/toolchain/avr8/avr8-gnu-toolchain/bin/../lib/gcc/avr/4.9.2/../../../../avr/lib/avr5\libm.a(divsf3.o) (__divsf3x)
c:/program files (x86)/atmel/studio/7.0/toolchain/avr8/avr8-gnu-toolchain/bin/../lib/gcc/avr/4.9.2/../../../../avr/lib/avr5\libm.a(fixsfsi.o)
                              Sketch.o (__fixsfsi)
c:/program files (x86)/atmel/studio/7.0/toolchain/avr8/avr8-gnu-toolchain/bin/../lib/gcc/avr/4.9.2/../../../../avr/lib/avr5\libm.a(fixunssfsi.o)
                              c:/program files (x86)/atmel/studio/7.0/toolchain/avr8/avr8-gnu-toolchain/bin/../lib/gcc/avr/4.9.2/../../../../avr/lib/avr5\libm.a(fixsfsi.o) (__fixunssfsi)
c:/program files (x86)/atmel/studio/7.0/toolchain/avr8/avr8-gnu-toolchain/bin/../lib/gcc/avr/4.9.2/../../../../avr/lib/avr5\libm.a(floatsisf.o)
                              Sketch.o (__floatsisf)
c:/program files (x86)/atmel/studio/7.0/toolchain/avr8/avr8-gnu-toolchain/bin/../lib/gcc/avr/4.9.2/../../../../avr/lib/avr5\libm.a(fp_inf.o)
                              c:/program files (x86)/atmel/studio/7.0/toolchain/avr8/avr8-gnu-toolchain/bin/../lib/gcc/avr/4.9.2/../../../../avr/lib/avr5\libm.a(divsf3x.o) (__fp_inf)
c:/program files (x86)/atmel/studio/7.0/toolchain/avr8/avr8-gnu-toolchain/bin/../lib/gcc/avr/4.9.2/../../../../avr/lib/avr5\libm.a(fp_nan.o)
                              c:/program files (x86)/atmel/studio/7.0/toolchain/avr8/avr8-gnu-toolchain/bin/../lib/gcc/avr/4.9.2/../../../../avr/lib/avr5\libm.a(divsf3x.o) (__fp_nan)
c:/program files (x86)/atmel/studio/7.0/toolchain/avr8/avr8-gnu-toolchain/bin/../lib/gcc/avr/4.9.2/../../../../avr/lib/avr5\libm.a(fp_pscA.o)
                              c:/program files (x86)/atmel/studio/7.0/toolchain/avr8/avr8-gnu-toolchain/bin/../lib/gcc/avr/4.9.2/../../../../avr/lib/avr5\libm.a(divsf3x.o) (__fp_pscA)
c:/program files (x86)/atmel/studio/7.0/toolchain/avr8/avr8-gnu-toolchain/bin/../lib/gcc/avr/4.9.2/../../../../avr/lib/avr5\libm.a(fp_pscB.o)
                              c:/program files (x86)/atmel/studio/7.0/toolchain/avr8/avr8-gnu-toolchain/bin/../lib/gcc/avr/4.9.2/../../../../avr/lib/avr5\libm.a(divsf3x.o) (__fp_pscB)
c:/program files (x86)/atmel/studio/7.0/toolchain/avr8/avr8-gnu-toolchain/bin/../lib/gcc/avr/4.9.2/../../../../avr/lib/avr5\libm.a(fp_round.o)
                              c:/program files (x86)/atmel/studio/7.0/toolchain/avr8/avr8-gnu-toolchain/bin/../lib/gcc/avr/4.9.2/../../../../avr/lib/avr5\libm.a(divsf3.o) (__fp_round)
c:/program files (x86)/atmel/studio/7.0/toolchain/avr8/avr8-gnu-toolchain/bin/../lib/gcc/avr/4.9.2/../../../../avr/lib/avr5\libm.a(fp_split3.o)
                              c:/program files (x86)/atmel/studio/7.0/toolchain/avr8/avr8-gnu-toolchain/bin/../lib/gcc/avr/4.9.2/../../../../avr/lib/avr5\libm.a(divsf3x.o) (__fp_split3)
c:/program files (x86)/atmel/studio/7.0/toolchain/avr8/avr8-gnu-toolchain/bin/../lib/gcc/avr/4.9.2/../../../../avr/lib/avr5\libm.a(fp_zero.o)
                              c:/program files (x86)/atmel/studio/7.0/toolchain/avr8/avr8-gnu-toolchain/bin/../lib/gcc/avr/4.9.2/../../../../avr/lib/avr5\libm.a(fixunssfsi.o) (__fp_zero)
C:\Users\peter\Source\Repos\bluetooth_remote\ardruino_quellcode\remote_0.0\ArduinoCore\Debug\libArduinoCore.a(HardwareSerial.o)
                              Sketch.o (_ZN14HardwareSerial9availableEv)
C:\Users\peter\Source\Repos\bluetooth_remote\ardruino_quellcode\remote_0.0\ArduinoCore\Debug\libArduinoCore.a(HardwareSerial0.o)
                              Sketch.o (Serial)
C:\Users\peter\Source\Repos\bluetooth_remote\ardruino_quellcode\remote_0.0\ArduinoCore\Debug\libArduinoCore.a(main.o)
                              C:/Program Files (x86)/Atmel/Studio/7.0/Packs/atmel/ATmega_DFP/1.0.106/gcc/dev/atmega328p/avr5/crtatmega328p.o (main)
C:\Users\peter\Source\Repos\bluetooth_remote\ardruino_quellcode\remote_0.0\ArduinoCore\Debug\libArduinoCore.a(Print.o)
                              C:\Users\peter\Source\Repos\bluetooth_remote\ardruino_quellcode\remote_0.0\ArduinoCore\Debug\libArduinoCore.a(HardwareSerial.o) (_ZN5Print5writeEPKhj)
C:\Users\peter\Source\Repos\bluetooth_remote\ardruino_quellcode\remote_0.0\ArduinoCore\Debug\libArduinoCore.a(wiring.o)
                              Sketch.o (delay)
C:\Users\peter\Source\Repos\bluetooth_remote\ardruino_quellcode\remote_0.0\ArduinoCore\Debug\libArduinoCore.a(wiring_digital.o)
                              Sketch.o (pinMode)
C:\Users\peter\Source\Repos\bluetooth_remote\ardruino_quellcode\remote_0.0\ArduinoCore\Debug\libArduinoCore.a(wiring_pulse.o)
                              Sketch.o (pulseIn)
C:\Users\peter\Source\Repos\bluetooth_remote\ardruino_quellcode\remote_0.0\ArduinoCore\Debug\libArduinoCore.a(abi.o)
                              C:\Users\peter\Source\Repos\bluetooth_remote\ardruino_quellcode\remote_0.0\ArduinoCore\Debug\libArduinoCore.a(Print.o) (__cxa_pure_virtual)
C:\Users\peter\Source\Repos\bluetooth_remote\ardruino_quellcode\remote_0.0\ArduinoCore\Debug\libArduinoCore.a(hooks.o)
                              C:\Users\peter\Source\Repos\bluetooth_remote\ardruino_quellcode\remote_0.0\ArduinoCore\Debug\libArduinoCore.a(wiring.o) (yield)
C:\Users\peter\Source\Repos\bluetooth_remote\ardruino_quellcode\remote_0.0\ArduinoCore\Debug\libArduinoCore.a(wiring_pulse.o)
                              C:\Users\peter\Source\Repos\bluetooth_remote\ardruino_quellcode\remote_0.0\ArduinoCore\Debug\libArduinoCore.a(wiring_pulse.o) (countPulseASM)
c:/program files (x86)/atmel/studio/7.0/toolchain/avr8/avr8-gnu-toolchain/bin/../lib/gcc/avr/4.9.2/../../../../avr/lib/avr5\libm.a(addsf3.o)
                              C:\Users\peter\Source\Repos\bluetooth_remote\ardruino_quellcode\remote_0.0\ArduinoCore\Debug\libArduinoCore.a(Print.o) (__subsf3)
c:/program files (x86)/atmel/studio/7.0/toolchain/avr8/avr8-gnu-toolchain/bin/../lib/gcc/avr/4.9.2/../../../../avr/lib/avr5\libm.a(addsf3x.o)
                              c:/program files (x86)/atmel/studio/7.0/toolchain/avr8/avr8-gnu-toolchain/bin/../lib/gcc/avr/4.9.2/../../../../avr/lib/avr5\libm.a(addsf3.o) (__addsf3x)
c:/program files (x86)/atmel/studio/7.0/toolchain/avr8/avr8-gnu-toolchain/bin/../lib/gcc/avr/4.9.2/../../../../avr/lib/avr5\libm.a(cmpsf2.o)
                              C:\Users\peter\Source\Repos\bluetooth_remote\ardruino_quellcode\remote_0.0\ArduinoCore\Debug\libArduinoCore.a(Print.o) (__ltsf2)
c:/program files (x86)/atmel/studio/7.0/toolchain/avr8/avr8-gnu-toolchain/bin/../lib/gcc/avr/4.9.2/../../../../avr/lib/avr5\libm.a(fp_cmp.o)
                              c:/program files (x86)/atmel/studio/7.0/toolchain/avr8/avr8-gnu-toolchain/bin/../lib/gcc/avr/4.9.2/../../../../avr/lib/avr5\libm.a(cmpsf2.o) (__fp_cmp)
c:/program files (x86)/atmel/studio/7.0/toolchain/avr8/avr8-gnu-toolchain/bin/../lib/gcc/avr/4.9.2/../../../../avr/lib/avr5\libm.a(gesf2.o)
                              C:\Users\peter\Source\Repos\bluetooth_remote\ardruino_quellcode\remote_0.0\ArduinoCore\Debug\libArduinoCore.a(Print.o) (__gtsf2)
c:/program files (x86)/atmel/studio/7.0/toolchain/avr8/avr8-gnu-toolchain/bin/../lib/gcc/avr/4.9.2/../../../../avr/lib/avr5\libm.a(mulsf3.o)
                              C:\Users\peter\Source\Repos\bluetooth_remote\ardruino_quellcode\remote_0.0\ArduinoCore\Debug\libArduinoCore.a(Print.o) (__mulsf3)
c:/program files (x86)/atmel/studio/7.0/toolchain/avr8/avr8-gnu-toolchain/bin/../lib/gcc/avr/4.9.2/../../../../avr/lib/avr5\libm.a(mulsf3x.o)
                              c:/program files (x86)/atmel/studio/7.0/toolchain/avr8/avr8-gnu-toolchain/bin/../lib/gcc/avr/4.9.2/../../../../avr/lib/avr5\libm.a(mulsf3.o) (__mulsf3x)
c:/program files (x86)/atmel/studio/7.0/toolchain/avr8/avr8-gnu-toolchain/bin/../lib/gcc/avr/4.9.2/../../../../avr/lib/avr5\libm.a(unordsf2.o)
                              C:\Users\peter\Source\Repos\bluetooth_remote\ardruino_quellcode\remote_0.0\ArduinoCore\Debug\libArduinoCore.a(Print.o) (__unordsf2)
c:/program files (x86)/atmel/studio/7.0/toolchain/avr8/avr8-gnu-toolchain/bin/../lib/gcc/avr/4.9.2/avr5\libgcc.a(_udivmodsi4.o)
                              C:\Users\peter\Source\Repos\bluetooth_remote\ardruino_quellcode\remote_0.0\ArduinoCore\Debug\libArduinoCore.a(HardwareSerial.o) (__udivmodsi4)
c:/program files (x86)/atmel/studio/7.0/toolchain/avr8/avr8-gnu-toolchain/bin/../lib/gcc/avr/4.9.2/avr5\libgcc.a(_divmodsi4.o)
                              Sketch.o (__divmodsi4)
c:/program files (x86)/atmel/studio/7.0/toolchain/avr8/avr8-gnu-toolchain/bin/../lib/gcc/avr/4.9.2/avr5\libgcc.a(_negsi2.o)
                              c:/program files (x86)/atmel/studio/7.0/toolchain/avr8/avr8-gnu-toolchain/bin/../lib/gcc/avr/4.9.2/avr5\libgcc.a(_divmodsi4.o) (__negsi2)
c:/program files (x86)/atmel/studio/7.0/toolchain/avr8/avr8-gnu-toolchain/bin/../lib/gcc/avr/4.9.2/avr5\libgcc.a(_exit.o)
                              C:/Program Files (x86)/Atmel/Studio/7.0/Packs/atmel/ATmega_DFP/1.0.106/gcc/dev/atmega328p/avr5/crtatmega328p.o (exit)
c:/program files (x86)/atmel/studio/7.0/toolchain/avr8/avr8-gnu-toolchain/bin/../lib/gcc/avr/4.9.2/avr5\libgcc.a(_copy_data.o)
                              Sketch.o (__do_copy_data)
c:/program files (x86)/atmel/studio/7.0/toolchain/avr8/avr8-gnu-toolchain/bin/../lib/gcc/avr/4.9.2/avr5\libgcc.a(_clear_bss.o)
                              Sketch.o (__do_clear_bss)
c:/program files (x86)/atmel/studio/7.0/toolchain/avr8/avr8-gnu-toolchain/bin/../lib/gcc/avr/4.9.2/avr5\libgcc.a(_ctors.o)
                              C:\Users\peter\Source\Repos\bluetooth_remote\ardruino_quellcode\remote_0.0\ArduinoCore\Debug\libArduinoCore.a(HardwareSerial0.o) (__do_global_ctors)
c:/program files (x86)/atmel/studio/7.0/toolchain/avr8/avr8-gnu-toolchain/bin/../lib/gcc/avr/4.9.2/avr5\libgcc.a(_tablejump2.o)
                              c:/program files (x86)/atmel/studio/7.0/toolchain/avr8/avr8-gnu-toolchain/bin/../lib/gcc/avr/4.9.2/avr5\libgcc.a(_ctors.o) (__tablejump2__)
c:/program files (x86)/atmel/studio/7.0/toolchain/avr8/avr8-gnu-toolchain/bin/../lib/gcc/avr/4.9.2/../../../../avr/lib/avr5\libc.a(abort.o)
                              C:\Users\peter\Source\Repos\bluetooth_remote\ardruino_quellcode\remote_0.0\ArduinoCore\Debug\libArduinoCore.a(abi.o) (abort)

Discarded input sections

 .data          0x00000000        0x0 C:/Program Files (x86)/Atmel/Studio/7.0/Packs/atmel/ATmega_DFP/1.0.106/gcc/dev/atmega328p/avr5/crtatmega328p.o
 .bss           0x00000000        0x0 C:/Program Files (x86)/Atmel/Studio/7.0/Packs/atmel/ATmega_DFP/1.0.106/gcc/dev/atmega328p/avr5/crtatmega328p.o
 .text          0x00000000        0x0 Sketch.o
 .data          0x00000000        0x0 Sketch.o
 .bss           0x00000000        0x0 Sketch.o
 .bss.val       0x00000000        0x2 Sketch.o
 .data.Pause    0x00000000        0x2 Sketch.o
 .bss.Taster02  0x00000000        0x2 Sketch.o
 .bss.Taster01  0x00000000        0x2 Sketch.o
 .text          0x00000000        0x0 c:/program files (x86)/atmel/studio/7.0/toolchain/avr8/avr8-gnu-toolchain/bin/../lib/gcc/avr/4.9.2/../../../../avr/lib/avr5\libm.a(divsf3.o)
 .data          0x00000000        0x0 c:/program files (x86)/atmel/studio/7.0/toolchain/avr8/avr8-gnu-toolchain/bin/../lib/gcc/avr/4.9.2/../../../../avr/lib/avr5\libm.a(divsf3.o)
 .bss           0x00000000        0x0 c:/program files (x86)/atmel/studio/7.0/toolchain/avr8/avr8-gnu-toolchain/bin/../lib/gcc/avr/4.9.2/../../../../avr/lib/avr5\libm.a(divsf3.o)
 .text          0x00000000        0x0 c:/program files (x86)/atmel/studio/7.0/toolchain/avr8/avr8-gnu-toolchain/bin/../lib/gcc/avr/4.9.2/../../../../avr/lib/avr5\libm.a(divsf3x.o)
 .data          0x00000000        0x0 c:/program files (x86)/atmel/studio/7.0/toolchain/avr8/avr8-gnu-toolchain/bin/../lib/gcc/avr/4.9.2/../../../../avr/lib/avr5\libm.a(divsf3x.o)
 .bss           0x00000000        0x0 c:/program files (x86)/atmel/studio/7.0/toolchain/avr8/avr8-gnu-toolchain/bin/../lib/gcc/avr/4.9.2/../../../../avr/lib/avr5\libm.a(divsf3x.o)
 .text          0x00000000        0x0 c:/program files (x86)/atmel/studio/7.0/toolchain/avr8/avr8-gnu-toolchain/bin/../lib/gcc/avr/4.9.2/../../../../avr/lib/avr5\libm.a(fixsfsi.o)
 .data          0x00000000        0x0 c:/program files (x86)/atmel/studio/7.0/toolchain/avr8/avr8-gnu-toolchain/bin/../lib/gcc/avr/4.9.2/../../../../avr/lib/avr5\libm.a(fixsfsi.o)
 .bss           0x00000000        0x0 c:/program files (x86)/atmel/studio/7.0/toolchain/avr8/avr8-gnu-toolchain/bin/../lib/gcc/avr/4.9.2/../../../../avr/lib/avr5\libm.a(fixsfsi.o)
 .text          0x00000000        0x0 c:/program files (x86)/atmel/studio/7.0/toolchain/avr8/avr8-gnu-toolchain/bin/../lib/gcc/avr/4.9.2/../../../../avr/lib/avr5\libm.a(fixunssfsi.o)
 .data          0x00000000        0x0 c:/program files (x86)/atmel/studio/7.0/toolchain/avr8/avr8-gnu-toolchain/bin/../lib/gcc/avr/4.9.2/../../../../avr/lib/avr5\libm.a(fixunssfsi.o)
 .bss           0x00000000        0x0 c:/program files (x86)/atmel/studio/7.0/toolchain/avr8/avr8-gnu-toolchain/bin/../lib/gcc/avr/4.9.2/../../../../avr/lib/avr5\libm.a(fixunssfsi.o)
 .text          0x00000000        0x0 c:/program files (x86)/atmel/studio/7.0/toolchain/avr8/avr8-gnu-toolchain/bin/../lib/gcc/avr/4.9.2/../../../../avr/lib/avr5\libm.a(floatsisf.o)
 .data          0x00000000        0x0 c:/program files (x86)/atmel/studio/7.0/toolchain/avr8/avr8-gnu-toolchain/bin/../lib/gcc/avr/4.9.2/../../../../avr/lib/avr5\libm.a(floatsisf.o)
 .bss           0x00000000        0x0 c:/program files (x86)/atmel/studio/7.0/toolchain/avr8/avr8-gnu-toolchain/bin/../lib/gcc/avr/4.9.2/../../../../avr/lib/avr5\libm.a(floatsisf.o)
 .text          0x00000000        0x0 c:/program files (x86)/atmel/studio/7.0/toolchain/avr8/avr8-gnu-toolchain/bin/../lib/gcc/avr/4.9.2/../../../../avr/lib/avr5\libm.a(fp_inf.o)
 .data          0x00000000        0x0 c:/program files (x86)/atmel/studio/7.0/toolchain/avr8/avr8-gnu-toolchain/bin/../lib/gcc/avr/4.9.2/../../../../avr/lib/avr5\libm.a(fp_inf.o)
 .bss           0x00000000        0x0 c:/program files (x86)/atmel/studio/7.0/toolchain/avr8/avr8-gnu-toolchain/bin/../lib/gcc/avr/4.9.2/../../../../avr/lib/avr5\libm.a(fp_inf.o)
 .text          0x00000000        0x0 c:/program files (x86)/atmel/studio/7.0/toolchain/avr8/avr8-gnu-toolchain/bin/../lib/gcc/avr/4.9.2/../../../../avr/lib/avr5\libm.a(fp_nan.o)
 .data          0x00000000        0x0 c:/program files (x86)/atmel/studio/7.0/toolchain/avr8/avr8-gnu-toolchain/bin/../lib/gcc/avr/4.9.2/../../../../avr/lib/avr5\libm.a(fp_nan.o)
 .bss           0x00000000        0x0 c:/program files (x86)/atmel/studio/7.0/toolchain/avr8/avr8-gnu-toolchain/bin/../lib/gcc/avr/4.9.2/../../../../avr/lib/avr5\libm.a(fp_nan.o)
 .text          0x00000000        0x0 c:/program files (x86)/atmel/studio/7.0/toolchain/avr8/avr8-gnu-toolchain/bin/../lib/gcc/avr/4.9.2/../../../../avr/lib/avr5\libm.a(fp_pscA.o)
 .data          0x00000000        0x0 c:/program files (x86)/atmel/studio/7.0/toolchain/avr8/avr8-gnu-toolchain/bin/../lib/gcc/avr/4.9.2/../../../../avr/lib/avr5\libm.a(fp_pscA.o)
 .bss           0x00000000        0x0 c:/program files (x86)/atmel/studio/7.0/toolchain/avr8/avr8-gnu-toolchain/bin/../lib/gcc/avr/4.9.2/../../../../avr/lib/avr5\libm.a(fp_pscA.o)
 .text          0x00000000        0x0 c:/program files (x86)/atmel/studio/7.0/toolchain/avr8/avr8-gnu-toolchain/bin/../lib/gcc/avr/4.9.2/../../../../avr/lib/avr5\libm.a(fp_pscB.o)
 .data          0x00000000        0x0 c:/program files (x86)/atmel/studio/7.0/toolchain/avr8/avr8-gnu-toolchain/bin/../lib/gcc/avr/4.9.2/../../../../avr/lib/avr5\libm.a(fp_pscB.o)
 .bss           0x00000000        0x0 c:/program files (x86)/atmel/studio/7.0/toolchain/avr8/avr8-gnu-toolchain/bin/../lib/gcc/avr/4.9.2/../../../../avr/lib/avr5\libm.a(fp_pscB.o)
 .text          0x00000000        0x0 c:/program files (x86)/atmel/studio/7.0/toolchain/avr8/avr8-gnu-toolchain/bin/../lib/gcc/avr/4.9.2/../../../../avr/lib/avr5\libm.a(fp_round.o)
 .data          0x00000000        0x0 c:/program files (x86)/atmel/studio/7.0/toolchain/avr8/avr8-gnu-toolchain/bin/../lib/gcc/avr/4.9.2/../../../../avr/lib/avr5\libm.a(fp_round.o)
 .bss           0x00000000        0x0 c:/program files (x86)/atmel/studio/7.0/toolchain/avr8/avr8-gnu-toolchain/bin/../lib/gcc/avr/4.9.2/../../../../avr/lib/avr5\libm.a(fp_round.o)
 .text          0x00000000        0x0 c:/program files (x86)/atmel/studio/7.0/toolchain/avr8/avr8-gnu-toolchain/bin/../lib/gcc/avr/4.9.2/../../../../avr/lib/avr5\libm.a(fp_split3.o)
 .data          0x00000000        0x0 c:/program files (x86)/atmel/studio/7.0/toolchain/avr8/avr8-gnu-toolchain/bin/../lib/gcc/avr/4.9.2/../../../../avr/lib/avr5\libm.a(fp_split3.o)
 .bss           0x00000000        0x0 c:/program files (x86)/atmel/studio/7.0/toolchain/avr8/avr8-gnu-toolchain/bin/../lib/gcc/avr/4.9.2/../../../../avr/lib/avr5\libm.a(fp_split3.o)
 .text          0x00000000        0x0 c:/program files (x86)/atmel/studio/7.0/toolchain/avr8/avr8-gnu-toolchain/bin/../lib/gcc/avr/4.9.2/../../../../avr/lib/avr5\libm.a(fp_zero.o)
 .data          0x00000000        0x0 c:/program files (x86)/atmel/studio/7.0/toolchain/avr8/avr8-gnu-toolchain/bin/../lib/gcc/avr/4.9.2/../../../../avr/lib/avr5\libm.a(fp_zero.o)
 .bss           0x00000000        0x0 c:/program files (x86)/atmel/studio/7.0/toolchain/avr8/avr8-gnu-toolchain/bin/../lib/gcc/avr/4.9.2/../../../../avr/lib/avr5\libm.a(fp_zero.o)
 .group         0x00000000        0x8 C:\Users\peter\Source\Repos\bluetooth_remote\ardruino_quellcode\remote_0.0\ArduinoCore\Debug\libArduinoCore.a(HardwareSerial.o)
 .text          0x00000000        0x0 C:\Users\peter\Source\Repos\bluetooth_remote\ardruino_quellcode\remote_0.0\ArduinoCore\Debug\libArduinoCore.a(HardwareSerial.o)
 .data          0x00000000        0x0 C:\Users\peter\Source\Repos\bluetooth_remote\ardruino_quellcode\remote_0.0\ArduinoCore\Debug\libArduinoCore.a(HardwareSerial.o)
 .bss           0x00000000        0x0 C:\Users\peter\Source\Repos\bluetooth_remote\ardruino_quellcode\remote_0.0\ArduinoCore\Debug\libArduinoCore.a(HardwareSerial.o)
 .text._ZN14HardwareSerial3endEv
                0x00000000       0x44 C:\Users\peter\Source\Repos\bluetooth_remote\ardruino_quellcode\remote_0.0\ArduinoCore\Debug\libArduinoCore.a(HardwareSerial.o)
 .text._ZN14HardwareSerial17availableForWriteEv
                0x00000000       0x1e C:\Users\peter\Source\Repos\bluetooth_remote\ardruino_quellcode\remote_0.0\ArduinoCore\Debug\libArduinoCore.a(HardwareSerial.o)
 .text          0x00000000        0x0 C:\Users\peter\Source\Repos\bluetooth_remote\ardruino_quellcode\remote_0.0\ArduinoCore\Debug\libArduinoCore.a(HardwareSerial0.o)
 .data          0x00000000        0x0 C:\Users\peter\Source\Repos\bluetooth_remote\ardruino_quellcode\remote_0.0\ArduinoCore\Debug\libArduinoCore.a(HardwareSerial0.o)
 .bss           0x00000000        0x0 C:\Users\peter\Source\Repos\bluetooth_remote\ardruino_quellcode\remote_0.0\ArduinoCore\Debug\libArduinoCore.a(HardwareSerial0.o)
 .text          0x00000000        0x0 C:\Users\peter\Source\Repos\bluetooth_remote\ardruino_quellcode\remote_0.0\ArduinoCore\Debug\libArduinoCore.a(main.o)
 .data          0x00000000        0x0 C:\Users\peter\Source\Repos\bluetooth_remote\ardruino_quellcode\remote_0.0\ArduinoCore\Debug\libArduinoCore.a(main.o)
 .bss           0x00000000        0x0 C:\Users\peter\Source\Repos\bluetooth_remote\ardruino_quellcode\remote_0.0\ArduinoCore\Debug\libArduinoCore.a(main.o)
 .text.atexit   0x00000000        0x6 C:\Users\peter\Source\Repos\bluetooth_remote\ardruino_quellcode\remote_0.0\ArduinoCore\Debug\libArduinoCore.a(main.o)
 .text._Z8setupUSBv
                0x00000000        0x2 C:\Users\peter\Source\Repos\bluetooth_remote\ardruino_quellcode\remote_0.0\ArduinoCore\Debug\libArduinoCore.a(main.o)
 .group         0x00000000        0x8 C:\Users\peter\Source\Repos\bluetooth_remote\ardruino_quellcode\remote_0.0\ArduinoCore\Debug\libArduinoCore.a(Print.o)
 .group         0x00000000        0x8 C:\Users\peter\Source\Repos\bluetooth_remote\ardruino_quellcode\remote_0.0\ArduinoCore\Debug\libArduinoCore.a(Print.o)
 .text          0x00000000        0x0 C:\Users\peter\Source\Repos\bluetooth_remote\ardruino_quellcode\remote_0.0\ArduinoCore\Debug\libArduinoCore.a(Print.o)
 .data          0x00000000        0x0 C:\Users\peter\Source\Repos\bluetooth_remote\ardruino_quellcode\remote_0.0\ArduinoCore\Debug\libArduinoCore.a(Print.o)
 .bss           0x00000000        0x0 C:\Users\peter\Source\Repos\bluetooth_remote\ardruino_quellcode\remote_0.0\ArduinoCore\Debug\libArduinoCore.a(Print.o)
 .text._ZN5Print5printEPK19__FlashStringHelper
                0x00000000       0x48 C:\Users\peter\Source\Repos\bluetooth_remote\ardruino_quellcode\remote_0.0\ArduinoCore\Debug\libArduinoCore.a(Print.o)
 .text._ZN5Print5printERK6String
                0x00000000       0x1c C:\Users\peter\Source\Repos\bluetooth_remote\ardruino_quellcode\remote_0.0\ArduinoCore\Debug\libArduinoCore.a(Print.o)
 .text._ZN5Print5printERK9Printable
                0x00000000       0x14 C:\Users\peter\Source\Repos\bluetooth_remote\ardruino_quellcode\remote_0.0\ArduinoCore\Debug\libArduinoCore.a(Print.o)
 .rodata.str1.1
                0x00000000       0x11 C:\Users\peter\Source\Repos\bluetooth_remote\ardruino_quellcode\remote_0.0\ArduinoCore\Debug\libArduinoCore.a(Print.o)
 .text._ZN5Print7printlnEv
                0x00000000        0x8 C:\Users\peter\Source\Repos\bluetooth_remote\ardruino_quellcode\remote_0.0\ArduinoCore\Debug\libArduinoCore.a(Print.o)
 .text._ZN5Print7printlnEPK19__FlashStringHelper
                0x00000000       0x24 C:\Users\peter\Source\Repos\bluetooth_remote\ardruino_quellcode\remote_0.0\ArduinoCore\Debug\libArduinoCore.a(Print.o)
 .text._ZN5Print7printlnERK6String
                0x00000000       0x24 C:\Users\peter\Source\Repos\bluetooth_remote\ardruino_quellcode\remote_0.0\ArduinoCore\Debug\libArduinoCore.a(Print.o)
 .text._ZN5Print7printlnEPKc
                0x00000000       0x24 C:\Users\peter\Source\Repos\bluetooth_remote\ardruino_quellcode\remote_0.0\ArduinoCore\Debug\libArduinoCore.a(Print.o)
 .text._ZN5Print7printlnEc
                0x00000000       0x24 C:\Users\peter\Source\Repos\bluetooth_remote\ardruino_quellcode\remote_0.0\ArduinoCore\Debug\libArduinoCore.a(Print.o)
 .text._ZN5Print7printlnERK9Printable
                0x00000000       0x24 C:\Users\peter\Source\Repos\bluetooth_remote\ardruino_quellcode\remote_0.0\ArduinoCore\Debug\libArduinoCore.a(Print.o)
 .text._ZN5Print7printlnEii
                0x00000000       0x2e C:\Users\peter\Source\Repos\bluetooth_remote\ardruino_quellcode\remote_0.0\ArduinoCore\Debug\libArduinoCore.a(Print.o)
 .text._ZN5Print7printlnEli
                0x00000000       0x24 C:\Users\peter\Source\Repos\bluetooth_remote\ardruino_quellcode\remote_0.0\ArduinoCore\Debug\libArduinoCore.a(Print.o)
 .text._ZN5Print5printEmi
                0x00000000       0x1a C:\Users\peter\Source\Repos\bluetooth_remote\ardruino_quellcode\remote_0.0\ArduinoCore\Debug\libArduinoCore.a(Print.o)
 .text._ZN5Print5printEhi
                0x00000000        0xe C:\Users\peter\Source\Repos\bluetooth_remote\ardruino_quellcode\remote_0.0\ArduinoCore\Debug\libArduinoCore.a(Print.o)
 .text._ZN5Print7printlnEhi
                0x00000000       0x2e C:\Users\peter\Source\Repos\bluetooth_remote\ardruino_quellcode\remote_0.0\ArduinoCore\Debug\libArduinoCore.a(Print.o)
 .text._ZN5Print5printEji
                0x00000000        0xc C:\Users\peter\Source\Repos\bluetooth_remote\ardruino_quellcode\remote_0.0\ArduinoCore\Debug\libArduinoCore.a(Print.o)
 .text._ZN5Print7printlnEji
                0x00000000       0x2c C:\Users\peter\Source\Repos\bluetooth_remote\ardruino_quellcode\remote_0.0\ArduinoCore\Debug\libArduinoCore.a(Print.o)
 .text._ZN5Print7printlnEmi
                0x00000000       0x24 C:\Users\peter\Source\Repos\bluetooth_remote\ardruino_quellcode\remote_0.0\ArduinoCore\Debug\libArduinoCore.a(Print.o)
 .text._ZN5Print10printFloatEdh
                0x00000000      0x1c6 C:\Users\peter\Source\Repos\bluetooth_remote\ardruino_quellcode\remote_0.0\ArduinoCore\Debug\libArduinoCore.a(Print.o)
 .text._ZN5Print5printEdi
                0x00000000        0x4 C:\Users\peter\Source\Repos\bluetooth_remote\ardruino_quellcode\remote_0.0\ArduinoCore\Debug\libArduinoCore.a(Print.o)
 .text._ZN5Print7printlnEdi
                0x00000000       0x24 C:\Users\peter\Source\Repos\bluetooth_remote\ardruino_quellcode\remote_0.0\ArduinoCore\Debug\libArduinoCore.a(Print.o)
 .rodata._ZTV5Print
                0x00000000        0x8 C:\Users\peter\Source\Repos\bluetooth_remote\ardruino_quellcode\remote_0.0\ArduinoCore\Debug\libArduinoCore.a(Print.o)
 .text          0x00000000        0x0 C:\Users\peter\Source\Repos\bluetooth_remote\ardruino_quellcode\remote_0.0\ArduinoCore\Debug\libArduinoCore.a(wiring.o)
 .data          0x00000000        0x0 C:\Users\peter\Source\Repos\bluetooth_remote\ardruino_quellcode\remote_0.0\ArduinoCore\Debug\libArduinoCore.a(wiring.o)
 .bss           0x00000000        0x0 C:\Users\peter\Source\Repos\bluetooth_remote\ardruino_quellcode\remote_0.0\ArduinoCore\Debug\libArduinoCore.a(wiring.o)
 .text.millis   0x00000000       0x18 C:\Users\peter\Source\Repos\bluetooth_remote\ardruino_quellcode\remote_0.0\ArduinoCore\Debug\libArduinoCore.a(wiring.o)
 .text          0x00000000        0x0 C:\Users\peter\Source\Repos\bluetooth_remote\ardruino_quellcode\remote_0.0\ArduinoCore\Debug\libArduinoCore.a(wiring_digital.o)
 .data          0x00000000        0x0 C:\Users\peter\Source\Repos\bluetooth_remote\ardruino_quellcode\remote_0.0\ArduinoCore\Debug\libArduinoCore.a(wiring_digital.o)
 .bss           0x00000000        0x0 C:\Users\peter\Source\Repos\bluetooth_remote\ardruino_quellcode\remote_0.0\ArduinoCore\Debug\libArduinoCore.a(wiring_digital.o)
 .text.digitalRead
                0x00000000       0x52 C:\Users\peter\Source\Repos\bluetooth_remote\ardruino_quellcode\remote_0.0\ArduinoCore\Debug\libArduinoCore.a(wiring_digital.o)
 .text          0x00000000        0x0 C:\Users\peter\Source\Repos\bluetooth_remote\ardruino_quellcode\remote_0.0\ArduinoCore\Debug\libArduinoCore.a(wiring_pulse.o)
 .data          0x00000000        0x0 C:\Users\peter\Source\Repos\bluetooth_remote\ardruino_quellcode\remote_0.0\ArduinoCore\Debug\libArduinoCore.a(wiring_pulse.o)
 .bss           0x00000000        0x0 C:\Users\peter\Source\Repos\bluetooth_remote\ardruino_quellcode\remote_0.0\ArduinoCore\Debug\libArduinoCore.a(wiring_pulse.o)
 .text.pulseInLong
                0x00000000      0x10a C:\Users\peter\Source\Repos\bluetooth_remote\ardruino_quellcode\remote_0.0\ArduinoCore\Debug\libArduinoCore.a(wiring_pulse.o)
 .text          0x00000000        0x0 C:\Users\peter\Source\Repos\bluetooth_remote\ardruino_quellcode\remote_0.0\ArduinoCore\Debug\libArduinoCore.a(abi.o)
 .data          0x00000000        0x0 C:\Users\peter\Source\Repos\bluetooth_remote\ardruino_quellcode\remote_0.0\ArduinoCore\Debug\libArduinoCore.a(abi.o)
 .bss           0x00000000        0x0 C:\Users\peter\Source\Repos\bluetooth_remote\ardruino_quellcode\remote_0.0\ArduinoCore\Debug\libArduinoCore.a(abi.o)
 .text.__cxa_pure_virtual
                0x00000000        0x4 C:\Users\peter\Source\Repos\bluetooth_remote\ardruino_quellcode\remote_0.0\ArduinoCore\Debug\libArduinoCore.a(abi.o)
 .text.__cxa_deleted_virtual
                0x00000000        0x4 C:\Users\peter\Source\Repos\bluetooth_remote\ardruino_quellcode\remote_0.0\ArduinoCore\Debug\libArduinoCore.a(abi.o)
 .debug_info    0x00000000       0x8e C:\Users\peter\Source\Repos\bluetooth_remote\ardruino_quellcode\remote_0.0\ArduinoCore\Debug\libArduinoCore.a(abi.o)
 .debug_abbrev  0x00000000       0x5e C:\Users\peter\Source\Repos\bluetooth_remote\ardruino_quellcode\remote_0.0\ArduinoCore\Debug\libArduinoCore.a(abi.o)
 .debug_aranges
                0x00000000       0x28 C:\Users\peter\Source\Repos\bluetooth_remote\ardruino_quellcode\remote_0.0\ArduinoCore\Debug\libArduinoCore.a(abi.o)
 .debug_ranges  0x00000000       0x18 C:\Users\peter\Source\Repos\bluetooth_remote\ardruino_quellcode\remote_0.0\ArduinoCore\Debug\libArduinoCore.a(abi.o)
 .debug_line    0x00000000       0xbf C:\Users\peter\Source\Repos\bluetooth_remote\ardruino_quellcode\remote_0.0\ArduinoCore\Debug\libArduinoCore.a(abi.o)
 .debug_str     0x00000000      0x1b1 C:\Users\peter\Source\Repos\bluetooth_remote\ardruino_quellcode\remote_0.0\ArduinoCore\Debug\libArduinoCore.a(abi.o)
 .comment       0x00000000       0x31 C:\Users\peter\Source\Repos\bluetooth_remote\ardruino_quellcode\remote_0.0\ArduinoCore\Debug\libArduinoCore.a(abi.o)
 .debug_frame   0x00000000       0x34 C:\Users\peter\Source\Repos\bluetooth_remote\ardruino_quellcode\remote_0.0\ArduinoCore\Debug\libArduinoCore.a(abi.o)
 .text          0x00000000        0x0 C:\Users\peter\Source\Repos\bluetooth_remote\ardruino_quellcode\remote_0.0\ArduinoCore\Debug\libArduinoCore.a(hooks.o)
 .data          0x00000000        0x0 C:\Users\peter\Source\Repos\bluetooth_remote\ardruino_quellcode\remote_0.0\ArduinoCore\Debug\libArduinoCore.a(hooks.o)
 .bss           0x00000000        0x0 C:\Users\peter\Source\Repos\bluetooth_remote\ardruino_quellcode\remote_0.0\ArduinoCore\Debug\libArduinoCore.a(hooks.o)
 .data          0x00000000        0x0 C:\Users\peter\Source\Repos\bluetooth_remote\ardruino_quellcode\remote_0.0\ArduinoCore\Debug\libArduinoCore.a(wiring_pulse.o)
 .bss           0x00000000        0x0 C:\Users\peter\Source\Repos\bluetooth_remote\ardruino_quellcode\remote_0.0\ArduinoCore\Debug\libArduinoCore.a(wiring_pulse.o)
 .text          0x00000000        0x0 c:/program files (x86)/atmel/studio/7.0/toolchain/avr8/avr8-gnu-toolchain/bin/../lib/gcc/avr/4.9.2/../../../../avr/lib/avr5\libm.a(addsf3.o)
 .data          0x00000000        0x0 c:/program files (x86)/atmel/studio/7.0/toolchain/avr8/avr8-gnu-toolchain/bin/../lib/gcc/avr/4.9.2/../../../../avr/lib/avr5\libm.a(addsf3.o)
 .bss           0x00000000        0x0 c:/program files (x86)/atmel/studio/7.0/toolchain/avr8/avr8-gnu-toolchain/bin/../lib/gcc/avr/4.9.2/../../../../avr/lib/avr5\libm.a(addsf3.o)
 .text.avr-libc.fplib
                0x00000000        0xe c:/program files (x86)/atmel/studio/7.0/toolchain/avr8/avr8-gnu-toolchain/bin/../lib/gcc/avr/4.9.2/../../../../avr/lib/avr5\libm.a(addsf3.o)
 .text          0x00000000        0x0 c:/program files (x86)/atmel/studio/7.0/toolchain/avr8/avr8-gnu-toolchain/bin/../lib/gcc/avr/4.9.2/../../../../avr/lib/avr5\libm.a(addsf3x.o)
 .data          0x00000000        0x0 c:/program files (x86)/atmel/studio/7.0/toolchain/avr8/avr8-gnu-toolchain/bin/../lib/gcc/avr/4.9.2/../../../../avr/lib/avr5\libm.a(addsf3x.o)
 .bss           0x00000000        0x0 c:/program files (x86)/atmel/studio/7.0/toolchain/avr8/avr8-gnu-toolchain/bin/../lib/gcc/avr/4.9.2/../../../../avr/lib/avr5\libm.a(addsf3x.o)
 .text.avr-libc.fplib
                0x00000000       0xcc c:/program files (x86)/atmel/studio/7.0/toolchain/avr8/avr8-gnu-toolchain/bin/../lib/gcc/avr/4.9.2/../../../../avr/lib/avr5\libm.a(addsf3x.o)
 .text          0x00000000        0x0 c:/program files (x86)/atmel/studio/7.0/toolchain/avr8/avr8-gnu-toolchain/bin/../lib/gcc/avr/4.9.2/../../../../avr/lib/avr5\libm.a(cmpsf2.o)
 .data          0x00000000        0x0 c:/program files (x86)/atmel/studio/7.0/toolchain/avr8/avr8-gnu-toolchain/bin/../lib/gcc/avr/4.9.2/../../../../avr/lib/avr5\libm.a(cmpsf2.o)
 .bss           0x00000000        0x0 c:/program files (x86)/atmel/studio/7.0/toolchain/avr8/avr8-gnu-toolchain/bin/../lib/gcc/avr/4.9.2/../../../../avr/lib/avr5\libm.a(cmpsf2.o)
 .text.avr-libc.fplib
                0x00000000        0xa c:/program files (x86)/atmel/studio/7.0/toolchain/avr8/avr8-gnu-toolchain/bin/../lib/gcc/avr/4.9.2/../../../../avr/lib/avr5\libm.a(cmpsf2.o)
 .text          0x00000000        0x0 c:/program files (x86)/atmel/studio/7.0/toolchain/avr8/avr8-gnu-toolchain/bin/../lib/gcc/avr/4.9.2/../../../../avr/lib/avr5\libm.a(fp_cmp.o)
 .data          0x00000000        0x0 c:/program files (x86)/atmel/studio/7.0/toolchain/avr8/avr8-gnu-toolchain/bin/../lib/gcc/avr/4.9.2/../../../../avr/lib/avr5\libm.a(fp_cmp.o)
 .bss           0x00000000        0x0 c:/program files (x86)/atmel/studio/7.0/toolchain/avr8/avr8-gnu-toolchain/bin/../lib/gcc/avr/4.9.2/../../../../avr/lib/avr5\libm.a(fp_cmp.o)
 .text.avr-libc.fplib
                0x00000000       0x48 c:/program files (x86)/atmel/studio/7.0/toolchain/avr8/avr8-gnu-toolchain/bin/../lib/gcc/avr/4.9.2/../../../../avr/lib/avr5\libm.a(fp_cmp.o)
 .text          0x00000000        0x0 c:/program files (x86)/atmel/studio/7.0/toolchain/avr8/avr8-gnu-toolchain/bin/../lib/gcc/avr/4.9.2/../../../../avr/lib/avr5\libm.a(gesf2.o)
 .data          0x00000000        0x0 c:/program files (x86)/atmel/studio/7.0/toolchain/avr8/avr8-gnu-toolchain/bin/../lib/gcc/avr/4.9.2/../../../../avr/lib/avr5\libm.a(gesf2.o)
 .bss           0x00000000        0x0 c:/program files (x86)/atmel/studio/7.0/toolchain/avr8/avr8-gnu-toolchain/bin/../lib/gcc/avr/4.9.2/../../../../avr/lib/avr5\libm.a(gesf2.o)
 .text.avr-libc.fplib
                0x00000000        0xa c:/program files (x86)/atmel/studio/7.0/toolchain/avr8/avr8-gnu-toolchain/bin/../lib/gcc/avr/4.9.2/../../../../avr/lib/avr5\libm.a(gesf2.o)
 .text          0x00000000        0x0 c:/program files (x86)/atmel/studio/7.0/toolchain/avr8/avr8-gnu-toolchain/bin/../lib/gcc/avr/4.9.2/../../../../avr/lib/avr5\libm.a(mulsf3.o)
 .data          0x00000000        0x0 c:/program files (x86)/atmel/studio/7.0/toolchain/avr8/avr8-gnu-toolchain/bin/../lib/gcc/avr/4.9.2/../../../../avr/lib/avr5\libm.a(mulsf3.o)
 .bss           0x00000000        0x0 c:/program files (x86)/atmel/studio/7.0/toolchain/avr8/avr8-gnu-toolchain/bin/../lib/gcc/avr/4.9.2/../../../../avr/lib/avr5\libm.a(mulsf3.o)
 .text.avr-libc.fplib
                0x00000000        0x8 c:/program files (x86)/atmel/studio/7.0/toolchain/avr8/avr8-gnu-toolchain/bin/../lib/gcc/avr/4.9.2/../../../../avr/lib/avr5\libm.a(mulsf3.o)
 .text          0x00000000        0x0 c:/program files (x86)/atmel/studio/7.0/toolchain/avr8/avr8-gnu-toolchain/bin/../lib/gcc/avr/4.9.2/../../../../avr/lib/avr5\libm.a(mulsf3x.o)
 .data          0x00000000        0x0 c:/program files (x86)/atmel/studio/7.0/toolchain/avr8/avr8-gnu-toolchain/bin/../lib/gcc/avr/4.9.2/../../../../avr/lib/avr5\libm.a(mulsf3x.o)
 .bss           0x00000000        0x0 c:/program files (x86)/atmel/studio/7.0/toolchain/avr8/avr8-gnu-toolchain/bin/../lib/gcc/avr/4.9.2/../../../../avr/lib/avr5\libm.a(mulsf3x.o)
 .text.avr-libc.fplib
                0x00000000       0xd2 c:/program files (x86)/atmel/studio/7.0/toolchain/avr8/avr8-gnu-toolchain/bin/../lib/gcc/avr/4.9.2/../../../../avr/lib/avr5\libm.a(mulsf3x.o)
 .text          0x00000000        0x0 c:/program files (x86)/atmel/studio/7.0/toolchain/avr8/avr8-gnu-toolchain/bin/../lib/gcc/avr/4.9.2/../../../../avr/lib/avr5\libm.a(unordsf2.o)
 .data          0x00000000        0x0 c:/program files (x86)/atmel/studio/7.0/toolchain/avr8/avr8-gnu-toolchain/bin/../lib/gcc/avr/4.9.2/../../../../avr/lib/avr5\libm.a(unordsf2.o)
 .bss           0x00000000        0x0 c:/program files (x86)/atmel/studio/7.0/toolchain/avr8/avr8-gnu-toolchain/bin/../lib/gcc/avr/4.9.2/../../../../avr/lib/avr5\libm.a(unordsf2.o)
 .text.avr-libc.fplib
                0x00000000        0xa c:/program files (x86)/atmel/studio/7.0/toolchain/avr8/avr8-gnu-toolchain/bin/../lib/gcc/avr/4.9.2/../../../../avr/lib/avr5\libm.a(unordsf2.o)
 .text          0x00000000        0x0 c:/program files (x86)/atmel/studio/7.0/toolchain/avr8/avr8-gnu-toolchain/bin/../lib/gcc/avr/4.9.2/avr5\libgcc.a(_udivmodsi4.o)
 .data          0x00000000        0x0 c:/program files (x86)/atmel/studio/7.0/toolchain/avr8/avr8-gnu-toolchain/bin/../lib/gcc/avr/4.9.2/avr5\libgcc.a(_udivmodsi4.o)
 .bss           0x00000000        0x0 c:/program files (x86)/atmel/studio/7.0/toolchain/avr8/avr8-gnu-toolchain/bin/../lib/gcc/avr/4.9.2/avr5\libgcc.a(_udivmodsi4.o)
 .text.libgcc.mul
                0x00000000        0x0 c:/program files (x86)/atmel/studio/7.0/toolchain/avr8/avr8-gnu-toolchain/bin/../lib/gcc/avr/4.9.2/avr5\libgcc.a(_udivmodsi4.o)
 .text.libgcc   0x00000000        0x0 c:/program files (x86)/atmel/studio/7.0/toolchain/avr8/avr8-gnu-toolchain/bin/../lib/gcc/avr/4.9.2/avr5\libgcc.a(_udivmodsi4.o)
 .text.libgcc.prologue
                0x00000000        0x0 c:/program files (x86)/atmel/studio/7.0/toolchain/avr8/avr8-gnu-toolchain/bin/../lib/gcc/avr/4.9.2/avr5\libgcc.a(_udivmodsi4.o)
 .text.libgcc.builtins
                0x00000000        0x0 c:/program files (x86)/atmel/studio/7.0/toolchain/avr8/avr8-gnu-toolchain/bin/../lib/gcc/avr/4.9.2/avr5\libgcc.a(_udivmodsi4.o)
 .text.libgcc.fmul
                0x00000000        0x0 c:/program files (x86)/atmel/studio/7.0/toolchain/avr8/avr8-gnu-toolchain/bin/../lib/gcc/avr/4.9.2/avr5\libgcc.a(_udivmodsi4.o)
 .text.libgcc.fixed
                0x00000000        0x0 c:/program files (x86)/atmel/studio/7.0/toolchain/avr8/avr8-gnu-toolchain/bin/../lib/gcc/avr/4.9.2/avr5\libgcc.a(_udivmodsi4.o)
 .text          0x00000000        0x0 c:/program files (x86)/atmel/studio/7.0/toolchain/avr8/avr8-gnu-toolchain/bin/../lib/gcc/avr/4.9.2/avr5\libgcc.a(_divmodsi4.o)
 .data          0x00000000        0x0 c:/program files (x86)/atmel/studio/7.0/toolchain/avr8/avr8-gnu-toolchain/bin/../lib/gcc/avr/4.9.2/avr5\libgcc.a(_divmodsi4.o)
 .bss           0x00000000        0x0 c:/program files (x86)/atmel/studio/7.0/toolchain/avr8/avr8-gnu-toolchain/bin/../lib/gcc/avr/4.9.2/avr5\libgcc.a(_divmodsi4.o)
 .text.libgcc.mul
                0x00000000        0x0 c:/program files (x86)/atmel/studio/7.0/toolchain/avr8/avr8-gnu-toolchain/bin/../lib/gcc/avr/4.9.2/avr5\libgcc.a(_divmodsi4.o)
 .text.libgcc   0x00000000        0x0 c:/program files (x86)/atmel/studio/7.0/toolchain/avr8/avr8-gnu-toolchain/bin/../lib/gcc/avr/4.9.2/avr5\libgcc.a(_divmodsi4.o)
 .text.libgcc.prologue
                0x00000000        0x0 c:/program files (x86)/atmel/studio/7.0/toolchain/avr8/avr8-gnu-toolchain/bin/../lib/gcc/avr/4.9.2/avr5\libgcc.a(_divmodsi4.o)
 .text.libgcc.builtins
                0x00000000        0x0 c:/program files (x86)/atmel/studio/7.0/toolchain/avr8/avr8-gnu-toolchain/bin/../lib/gcc/avr/4.9.2/avr5\libgcc.a(_divmodsi4.o)
 .text.libgcc.fmul
                0x00000000        0x0 c:/program files (x86)/atmel/studio/7.0/toolchain/avr8/avr8-gnu-toolchain/bin/../lib/gcc/avr/4.9.2/avr5\libgcc.a(_divmodsi4.o)
 .text.libgcc.fixed
                0x00000000        0x0 c:/program files (x86)/atmel/studio/7.0/toolchain/avr8/avr8-gnu-toolchain/bin/../lib/gcc/avr/4.9.2/avr5\libgcc.a(_divmodsi4.o)
 .text          0x00000000        0x0 c:/program files (x86)/atmel/studio/7.0/toolchain/avr8/avr8-gnu-toolchain/bin/../lib/gcc/avr/4.9.2/avr5\libgcc.a(_negsi2.o)
 .data          0x00000000        0x0 c:/program files (x86)/atmel/studio/7.0/toolchain/avr8/avr8-gnu-toolchain/bin/../lib/gcc/avr/4.9.2/avr5\libgcc.a(_negsi2.o)
 .bss           0x00000000        0x0 c:/program files (x86)/atmel/studio/7.0/toolchain/avr8/avr8-gnu-toolchain/bin/../lib/gcc/avr/4.9.2/avr5\libgcc.a(_negsi2.o)
 .text.libgcc.mul
                0x00000000        0x0 c:/program files (x86)/atmel/studio/7.0/toolchain/avr8/avr8-gnu-toolchain/bin/../lib/gcc/avr/4.9.2/avr5\libgcc.a(_negsi2.o)
 .text.libgcc   0x00000000        0x0 c:/program files (x86)/atmel/studio/7.0/toolchain/avr8/avr8-gnu-toolchain/bin/../lib/gcc/avr/4.9.2/avr5\libgcc.a(_negsi2.o)
 .text.libgcc.prologue
                0x00000000        0x0 c:/program files (x86)/atmel/studio/7.0/toolchain/avr8/avr8-gnu-toolchain/bin/../lib/gcc/avr/4.9.2/avr5\libgcc.a(_negsi2.o)
 .text.libgcc.builtins
                0x00000000        0x0 c:/program files (x86)/atmel/studio/7.0/toolchain/avr8/avr8-gnu-toolchain/bin/../lib/gcc/avr/4.9.2/avr5\libgcc.a(_negsi2.o)
 .text.libgcc.fmul
                0x00000000        0x0 c:/program files (x86)/atmel/studio/7.0/toolchain/avr8/avr8-gnu-toolchain/bin/../lib/gcc/avr/4.9.2/avr5\libgcc.a(_negsi2.o)
 .text.libgcc.fixed
                0x00000000        0x0 c:/program files (x86)/atmel/studio/7.0/toolchain/avr8/avr8-gnu-toolchain/bin/../lib/gcc/avr/4.9.2/avr5\libgcc.a(_negsi2.o)
 .text          0x00000000        0x0 c:/program files (x86)/atmel/studio/7.0/toolchain/avr8/avr8-gnu-toolchain/bin/../lib/gcc/avr/4.9.2/avr5\libgcc.a(_exit.o)
 .data          0x00000000        0x0 c:/program files (x86)/atmel/studio/7.0/toolchain/avr8/avr8-gnu-toolchain/bin/../lib/gcc/avr/4.9.2/avr5\libgcc.a(_exit.o)
 .bss           0x00000000        0x0 c:/program files (x86)/atmel/studio/7.0/toolchain/avr8/avr8-gnu-toolchain/bin/../lib/gcc/avr/4.9.2/avr5\libgcc.a(_exit.o)
 .text.libgcc.mul
                0x00000000        0x0 c:/program files (x86)/atmel/studio/7.0/toolchain/avr8/avr8-gnu-toolchain/bin/../lib/gcc/avr/4.9.2/avr5\libgcc.a(_exit.o)
 .text.libgcc.div
                0x00000000        0x0 c:/program files (x86)/atmel/studio/7.0/toolchain/avr8/avr8-gnu-toolchain/bin/../lib/gcc/avr/4.9.2/avr5\libgcc.a(_exit.o)
 .text.libgcc   0x00000000        0x0 c:/program files (x86)/atmel/studio/7.0/toolchain/avr8/avr8-gnu-toolchain/bin/../lib/gcc/avr/4.9.2/avr5\libgcc.a(_exit.o)
 .text.libgcc.prologue
                0x00000000        0x0 c:/program files (x86)/atmel/studio/7.0/toolchain/avr8/avr8-gnu-toolchain/bin/../lib/gcc/avr/4.9.2/avr5\libgcc.a(_exit.o)
 .text.libgcc.builtins
                0x00000000        0x0 c:/program files (x86)/atmel/studio/7.0/toolchain/avr8/avr8-gnu-toolchain/bin/../lib/gcc/avr/4.9.2/avr5\libgcc.a(_exit.o)
 .text.libgcc.fmul
                0x00000000        0x0 c:/program files (x86)/atmel/studio/7.0/toolchain/avr8/avr8-gnu-toolchain/bin/../lib/gcc/avr/4.9.2/avr5\libgcc.a(_exit.o)
 .text.libgcc.fixed
                0x00000000        0x0 c:/program files (x86)/atmel/studio/7.0/toolchain/avr8/avr8-gnu-toolchain/bin/../lib/gcc/avr/4.9.2/avr5\libgcc.a(_exit.o)
 .text          0x00000000        0x0 c:/program files (x86)/atmel/studio/7.0/toolchain/avr8/avr8-gnu-toolchain/bin/../lib/gcc/avr/4.9.2/avr5\libgcc.a(_copy_data.o)
 .data          0x00000000        0x0 c:/program files (x86)/atmel/studio/7.0/toolchain/avr8/avr8-gnu-toolchain/bin/../lib/gcc/avr/4.9.2/avr5\libgcc.a(_copy_data.o)
 .bss           0x00000000        0x0 c:/program files (x86)/atmel/studio/7.0/toolchain/avr8/avr8-gnu-toolchain/bin/../lib/gcc/avr/4.9.2/avr5\libgcc.a(_copy_data.o)
 .text.libgcc.mul
                0x00000000        0x0 c:/program files (x86)/atmel/studio/7.0/toolchain/avr8/avr8-gnu-toolchain/bin/../lib/gcc/avr/4.9.2/avr5\libgcc.a(_copy_data.o)
 .text.libgcc.div
                0x00000000        0x0 c:/program files (x86)/atmel/studio/7.0/toolchain/avr8/avr8-gnu-toolchain/bin/../lib/gcc/avr/4.9.2/avr5\libgcc.a(_copy_data.o)
 .text.libgcc   0x00000000        0x0 c:/program files (x86)/atmel/studio/7.0/toolchain/avr8/avr8-gnu-toolchain/bin/../lib/gcc/avr/4.9.2/avr5\libgcc.a(_copy_data.o)
 .text.libgcc.prologue
                0x00000000        0x0 c:/program files (x86)/atmel/studio/7.0/toolchain/avr8/avr8-gnu-toolchain/bin/../lib/gcc/avr/4.9.2/avr5\libgcc.a(_copy_data.o)
 .text.libgcc.builtins
                0x00000000        0x0 c:/program files (x86)/atmel/studio/7.0/toolchain/avr8/avr8-gnu-toolchain/bin/../lib/gcc/avr/4.9.2/avr5\libgcc.a(_copy_data.o)
 .text.libgcc.fmul
                0x00000000        0x0 c:/program files (x86)/atmel/studio/7.0/toolchain/avr8/avr8-gnu-toolchain/bin/../lib/gcc/avr/4.9.2/avr5\libgcc.a(_copy_data.o)
 .text.libgcc.fixed
                0x00000000        0x0 c:/program files (x86)/atmel/studio/7.0/toolchain/avr8/avr8-gnu-toolchain/bin/../lib/gcc/avr/4.9.2/avr5\libgcc.a(_copy_data.o)
 .text          0x00000000        0x0 c:/program files (x86)/atmel/studio/7.0/toolchain/avr8/avr8-gnu-toolchain/bin/../lib/gcc/avr/4.9.2/avr5\libgcc.a(_clear_bss.o)
 .data          0x00000000        0x0 c:/program files (x86)/atmel/studio/7.0/toolchain/avr8/avr8-gnu-toolchain/bin/../lib/gcc/avr/4.9.2/avr5\libgcc.a(_clear_bss.o)
 .bss           0x00000000        0x0 c:/program files (x86)/atmel/studio/7.0/toolchain/avr8/avr8-gnu-toolchain/bin/../lib/gcc/avr/4.9.2/avr5\libgcc.a(_clear_bss.o)
 .text.libgcc.mul
                0x00000000        0x0 c:/program files (x86)/atmel/studio/7.0/toolchain/avr8/avr8-gnu-toolchain/bin/../lib/gcc/avr/4.9.2/avr5\libgcc.a(_clear_bss.o)
 .text.libgcc.div
                0x00000000        0x0 c:/program files (x86)/atmel/studio/7.0/toolchain/avr8/avr8-gnu-toolchain/bin/../lib/gcc/avr/4.9.2/avr5\libgcc.a(_clear_bss.o)
 .text.libgcc   0x00000000        0x0 c:/program files (x86)/atmel/studio/7.0/toolchain/avr8/avr8-gnu-toolchain/bin/../lib/gcc/avr/4.9.2/avr5\libgcc.a(_clear_bss.o)
 .text.libgcc.prologue
                0x00000000        0x0 c:/program files (x86)/atmel/studio/7.0/toolchain/avr8/avr8-gnu-toolchain/bin/../lib/gcc/avr/4.9.2/avr5\libgcc.a(_clear_bss.o)
 .text.libgcc.builtins
                0x00000000        0x0 c:/program files (x86)/atmel/studio/7.0/toolchain/avr8/avr8-gnu-toolchain/bin/../lib/gcc/avr/4.9.2/avr5\libgcc.a(_clear_bss.o)
 .text.libgcc.fmul
                0x00000000        0x0 c:/program files (x86)/atmel/studio/7.0/toolchain/avr8/avr8-gnu-toolchain/bin/../lib/gcc/avr/4.9.2/avr5\libgcc.a(_clear_bss.o)
 .text.libgcc.fixed
                0x00000000        0x0 c:/program files (x86)/atmel/studio/7.0/toolchain/avr8/avr8-gnu-toolchain/bin/../lib/gcc/avr/4.9.2/avr5\libgcc.a(_clear_bss.o)
 .text          0x00000000        0x0 c:/program files (x86)/atmel/studio/7.0/toolchain/avr8/avr8-gnu-toolchain/bin/../lib/gcc/avr/4.9.2/avr5\libgcc.a(_ctors.o)
 .data          0x00000000        0x0 c:/program files (x86)/atmel/studio/7.0/toolchain/avr8/avr8-gnu-toolchain/bin/../lib/gcc/avr/4.9.2/avr5\libgcc.a(_ctors.o)
 .bss           0x00000000        0x0 c:/program files (x86)/atmel/studio/7.0/toolchain/avr8/avr8-gnu-toolchain/bin/../lib/gcc/avr/4.9.2/avr5\libgcc.a(_ctors.o)
 .text.libgcc.mul
                0x00000000        0x0 c:/program files (x86)/atmel/studio/7.0/toolchain/avr8/avr8-gnu-toolchain/bin/../lib/gcc/avr/4.9.2/avr5\libgcc.a(_ctors.o)
 .text.libgcc.div
                0x00000000        0x0 c:/program files (x86)/atmel/studio/7.0/toolchain/avr8/avr8-gnu-toolchain/bin/../lib/gcc/avr/4.9.2/avr5\libgcc.a(_ctors.o)
 .text.libgcc   0x00000000        0x0 c:/program files (x86)/atmel/studio/7.0/toolchain/avr8/avr8-gnu-toolchain/bin/../lib/gcc/avr/4.9.2/avr5\libgcc.a(_ctors.o)
 .text.libgcc.prologue
                0x00000000        0x0 c:/program files (x86)/atmel/studio/7.0/toolchain/avr8/avr8-gnu-toolchain/bin/../lib/gcc/avr/4.9.2/avr5\libgcc.a(_ctors.o)
 .text.libgcc.builtins
                0x00000000        0x0 c:/program files (x86)/atmel/studio/7.0/toolchain/avr8/avr8-gnu-toolchain/bin/../lib/gcc/avr/4.9.2/avr5\libgcc.a(_ctors.o)
 .text.libgcc.fmul
                0x00000000        0x0 c:/program files (x86)/atmel/studio/7.0/toolchain/avr8/avr8-gnu-toolchain/bin/../lib/gcc/avr/4.9.2/avr5\libgcc.a(_ctors.o)
 .text.libgcc.fixed
                0x00000000        0x0 c:/program files (x86)/atmel/studio/7.0/toolchain/avr8/avr8-gnu-toolchain/bin/../lib/gcc/avr/4.9.2/avr5\libgcc.a(_ctors.o)
 .text          0x00000000        0x0 c:/program files (x86)/atmel/studio/7.0/toolchain/avr8/avr8-gnu-toolchain/bin/../lib/gcc/avr/4.9.2/avr5\libgcc.a(_tablejump2.o)
 .data          0x00000000        0x0 c:/program files (x86)/atmel/studio/7.0/toolchain/avr8/avr8-gnu-toolchain/bin/../lib/gcc/avr/4.9.2/avr5\libgcc.a(_tablejump2.o)
 .bss           0x00000000        0x0 c:/program files (x86)/atmel/studio/7.0/toolchain/avr8/avr8-gnu-toolchain/bin/../lib/gcc/avr/4.9.2/avr5\libgcc.a(_tablejump2.o)
 .text.libgcc.mul
                0x00000000        0x0 c:/program files (x86)/atmel/studio/7.0/toolchain/avr8/avr8-gnu-toolchain/bin/../lib/gcc/avr/4.9.2/avr5\libgcc.a(_tablejump2.o)
 .text.libgcc.div
                0x00000000        0x0 c:/program files (x86)/atmel/studio/7.0/toolchain/avr8/avr8-gnu-toolchain/bin/../lib/gcc/avr/4.9.2/avr5\libgcc.a(_tablejump2.o)
 .text.libgcc.prologue
                0x00000000        0x0 c:/program files (x86)/atmel/studio/7.0/toolchain/avr8/avr8-gnu-toolchain/bin/../lib/gcc/avr/4.9.2/avr5\libgcc.a(_tablejump2.o)
 .text.libgcc.builtins
                0x00000000        0x0 c:/program files (x86)/atmel/studio/7.0/toolchain/avr8/avr8-gnu-toolchain/bin/../lib/gcc/avr/4.9.2/avr5\libgcc.a(_tablejump2.o)
 .text.libgcc.fmul
                0x00000000        0x0 c:/program files (x86)/atmel/studio/7.0/toolchain/avr8/avr8-gnu-toolchain/bin/../lib/gcc/avr/4.9.2/avr5\libgcc.a(_tablejump2.o)
 .text.libgcc.fixed
                0x00000000        0x0 c:/program files (x86)/atmel/studio/7.0/toolchain/avr8/avr8-gnu-toolchain/bin/../lib/gcc/avr/4.9.2/avr5\libgcc.a(_tablejump2.o)
 .text          0x00000000        0x0 c:/program files (x86)/atmel/studio/7.0/toolchain/avr8/avr8-gnu-toolchain/bin/../lib/gcc/avr/4.9.2/../../../../avr/lib/avr5\libc.a(abort.o)
 .data          0x00000000        0x0 c:/program files (x86)/atmel/studio/7.0/toolchain/avr8/avr8-gnu-toolchain/bin/../lib/gcc/avr/4.9.2/../../../../avr/lib/avr5\libc.a(abort.o)
 .bss           0x00000000        0x0 c:/program files (x86)/atmel/studio/7.0/toolchain/avr8/avr8-gnu-toolchain/bin/../lib/gcc/avr/4.9.2/../../../../avr/lib/avr5\libc.a(abort.o)
 .text.avr-libc
                0x00000000        0xa c:/program files (x86)/atmel/studio/7.0/toolchain/avr8/avr8-gnu-toolchain/bin/../lib/gcc/avr/4.9.2/../../../../avr/lib/avr5\libc.a(abort.o)

Memory Configuration

Name             Origin             Length             Attributes
text             0x00000000         0x00020000         xr
data             0x00800060         0x0000ffa0         rw !x
eeprom           0x00810000         0x00010000         rw !x
fuse             0x00820000         0x00000400         rw !x
lock             0x00830000         0x00000400         rw !x
signature        0x00840000         0x00000400         rw !x
user_signatures  0x00850000         0x00000400         rw !x
*default*        0x00000000         0xffffffff

Linker script and memory map

Address of section .data set to 0x800100
LOAD C:/Program Files (x86)/Atmel/Studio/7.0/Packs/atmel/ATmega_DFP/1.0.106/gcc/dev/atmega328p/avr5/crtatmega328p.o
LOAD Sketch.o
START GROUP
LOAD c:/program files (x86)/atmel/studio/7.0/toolchain/avr8/avr8-gnu-toolchain/bin/../lib/gcc/avr/4.9.2/../../../../avr/lib/avr5\libm.a
LOAD C:\Users\peter\Source\Repos\bluetooth_remote\ardruino_quellcode\remote_0.0\ArduinoCore\Debug\libArduinoCore.a
END GROUP
LOAD c:/program files (x86)/atmel/studio/7.0/toolchain/avr8/avr8-gnu-toolchain/bin/../lib/gcc/avr/4.9.2/avr5\libgcc.a
LOAD c:/program files (x86)/atmel/studio/7.0/toolchain/avr8/avr8-gnu-toolchain/bin/../lib/gcc/avr/4.9.2/../../../../avr/lib/avr5\libm.a
START GROUP
LOAD c:/program files (x86)/atmel/studio/7.0/toolchain/avr8/avr8-gnu-toolchain/bin/../lib/gcc/avr/4.9.2/avr5\libgcc.a
LOAD c:/program files (x86)/atmel/studio/7.0/toolchain/avr8/avr8-gnu-toolchain/bin/../lib/gcc/avr/4.9.2/../../../../avr/lib/avr5\libm.a
LOAD c:/program files (x86)/atmel/studio/7.0/toolchain/avr8/avr8-gnu-toolchain/bin/../lib/gcc/avr/4.9.2/../../../../avr/lib/avr5\libc.a
LOAD C:/Program Files (x86)/Atmel/Studio/7.0/Packs/atmel/ATmega_DFP/1.0.106/gcc/dev/atmega328p/avr5\libatmega328p.a
END GROUP
                0x00020000                __TEXT_REGION_LENGTH__ = DEFINED (__TEXT_REGION_LENGTH__)?__TEXT_REGION_LENGTH__:0x20000
                0x0000ffa0                __DATA_REGION_LENGTH__ = DEFINED (__DATA_REGION_LENGTH__)?__DATA_REGION_LENGTH__:0xffa0
                0x00010000                __EEPROM_REGION_LENGTH__ = DEFINED (__EEPROM_REGION_LENGTH__)?__EEPROM_REGION_LENGTH__:0x10000
                0x00000400                __FUSE_REGION_LENGTH__ = DEFINED (__FUSE_REGION_LENGTH__)?__FUSE_REGION_LENGTH__:0x400
                0x00000400                __LOCK_REGION_LENGTH__ = DEFINED (__LOCK_REGION_LENGTH__)?__LOCK_REGION_LENGTH__:0x400
                0x00000400                __SIGNATURE_REGION_LENGTH__ = DEFINED (__SIGNATURE_REGION_LENGTH__)?__SIGNATURE_REGION_LENGTH__:0x400
                0x00000400                __USER_SIGNATURE_REGION_LENGTH__ = DEFINED (__USER_SIGNATURE_REGION_LENGTH__)?__USER_SIGNATURE_REGION_LENGTH__:0x400

.hash
 *(.hash)

.dynsym
 *(.dynsym)

.dynstr
 *(.dynstr)

.gnu.version
 *(.gnu.version)

.gnu.version_d
 *(.gnu.version_d)

.gnu.version_r
 *(.gnu.version_r)

.rel.init
 *(.rel.init)

.rela.init
 *(.rela.init)

.rel.text
 *(.rel.text)
 *(.rel.text.*)
 *(.rel.gnu.linkonce.t*)

.rela.text
 *(.rela.text)
 *(.rela.text.*)
 *(.rela.gnu.linkonce.t*)

.rel.fini
 *(.rel.fini)

.rela.fini
 *(.rela.fini)

.rel.rodata
 *(.rel.rodata)
 *(.rel.rodata.*)
 *(.rel.gnu.linkonce.r*)

.rela.rodata
 *(.rela.rodata)
 *(.rela.rodata.*)
 *(.rela.gnu.linkonce.r*)

.rel.data
 *(.rel.data)
 *(.rel.data.*)
 *(.rel.gnu.linkonce.d*)

.rela.data
 *(.rela.data)
 *(.rela.data.*)
 *(.rela.gnu.linkonce.d*)

.rel.ctors
 *(.rel.ctors)

.rela.ctors
 *(.rela.ctors)

.rel.dtors
 *(.rel.dtors)

.rela.dtors
 *(.rela.dtors)

.rel.got
 *(.rel.got)

.rela.got
 *(.rela.got)

.rel.bss
 *(.rel.bss)

.rela.bss
 *(.rela.bss)

.rel.plt
 *(.rel.plt)

.rela.plt
 *(.rela.plt)

.text           0x00000000     0x10b6
 *(.vectors)
 .vectors       0x00000000       0x68 C:/Program Files (x86)/Atmel/Studio/7.0/Packs/atmel/ATmega_DFP/1.0.106/gcc/dev/atmega328p/avr5/crtatmega328p.o
                0x00000000                __vector_default
                0x00000000                __vectors
 *(.vectors)
 *(.progmem.gcc*)
                0x00000068                . = ALIGN (0x2)
                0x00000068                __trampolines_start = .
 *(.trampolines)
 .trampolines   0x00000068        0x0 linker stubs
 *(.trampolines*)
                0x00000068                __trampolines_end = .
 *libprintf_flt.a:*(.progmem.data)
 *libc.a:*(.progmem.data)
 *(.progmem*)
 .progmem.data.digital_pin_to_timer_PGM
                0x00000068       0x14 C:\Users\peter\Source\Repos\bluetooth_remote\ardruino_quellcode\remote_0.0\ArduinoCore\Debug\libArduinoCore.a(wiring_digital.o)
                0x00000068                digital_pin_to_timer_PGM
 .progmem.data.digital_pin_to_bit_mask_PGM
                0x0000007c       0x14 C:\Users\peter\Source\Repos\bluetooth_remote\ardruino_quellcode\remote_0.0\ArduinoCore\Debug\libArduinoCore.a(wiring_digital.o)
                0x0000007c                digital_pin_to_bit_mask_PGM
 .progmem.data.digital_pin_to_port_PGM
                0x00000090       0x14 C:\Users\peter\Source\Repos\bluetooth_remote\ardruino_quellcode\remote_0.0\ArduinoCore\Debug\libArduinoCore.a(wiring_digital.o)
                0x00000090                digital_pin_to_port_PGM
 .progmem.data.port_to_input_PGM
                0x000000a4        0xa C:\Users\peter\Source\Repos\bluetooth_remote\ardruino_quellcode\remote_0.0\ArduinoCore\Debug\libArduinoCore.a(wiring_digital.o)
                0x000000a4                port_to_input_PGM
 .progmem.data.port_to_output_PGM
                0x000000ae        0xa C:\Users\peter\Source\Repos\bluetooth_remote\ardruino_quellcode\remote_0.0\ArduinoCore\Debug\libArduinoCore.a(wiring_digital.o)
                0x000000ae                port_to_output_PGM
 .progmem.data.port_to_mode_PGM
                0x000000b8        0xa C:\Users\peter\Source\Repos\bluetooth_remote\ardruino_quellcode\remote_0.0\ArduinoCore\Debug\libArduinoCore.a(wiring_digital.o)
                0x000000b8                port_to_mode_PGM
                0x000000c2                . = ALIGN (0x2)
 *(.jumptables)
 *(.jumptables*)
 *(.lowtext)
 *(.lowtext*)
                0x000000c2                __ctors_start = .
 *(.ctors)
 .ctors         0x000000c2        0x2 C:\Users\peter\Source\Repos\bluetooth_remote\ardruino_quellcode\remote_0.0\ArduinoCore\Debug\libArduinoCore.a(HardwareSerial0.o)
                0x000000c4                __ctors_end = .
                0x000000c4                __dtors_start = .
 *(.dtors)
                0x000000c4                __dtors_end = .
 SORT(*)(.ctors)
 SORT(*)(.dtors)
 *(.init0)
 .init0         0x000000c4        0x0 C:/Program Files (x86)/Atmel/Studio/7.0/Packs/atmel/ATmega_DFP/1.0.106/gcc/dev/atmega328p/avr5/crtatmega328p.o
                0x000000c4                __init
 *(.init0)
 *(.init1)
 *(.init1)
 *(.init2)
 .init2         0x000000c4        0xc C:/Program Files (x86)/Atmel/Studio/7.0/Packs/atmel/ATmega_DFP/1.0.106/gcc/dev/atmega328p/avr5/crtatmega328p.o
 *(.init2)
 *(.init3)
 *(.init3)
 *(.init4)
 .init4         0x000000d0       0x16 c:/program files (x86)/atmel/studio/7.0/toolchain/avr8/avr8-gnu-toolchain/bin/../lib/gcc/avr/4.9.2/avr5\libgcc.a(_copy_data.o)
                0x000000d0                __do_copy_data
 .init4         0x000000e6       0x10 c:/program files (x86)/atmel/studio/7.0/toolchain/avr8/avr8-gnu-toolchain/bin/../lib/gcc/avr/4.9.2/avr5\libgcc.a(_clear_bss.o)
                0x000000e6                __do_clear_bss
 *(.init4)
 *(.init5)
 *(.init5)
 *(.init6)
 .init6         0x000000f6       0x16 c:/program files (x86)/atmel/studio/7.0/toolchain/avr8/avr8-gnu-toolchain/bin/../lib/gcc/avr/4.9.2/avr5\libgcc.a(_ctors.o)
                0x000000f6                __do_global_ctors
 *(.init6)
 *(.init7)
 *(.init7)
 *(.init8)
 *(.init8)
 *(.init9)
 .init9         0x0000010c        0x8 C:/Program Files (x86)/Atmel/Studio/7.0/Packs/atmel/ATmega_DFP/1.0.106/gcc/dev/atmega328p/avr5/crtatmega328p.o
 *(.init9)
 *(.text)
 .text          0x00000114        0x4 C:/Program Files (x86)/Atmel/Studio/7.0/Packs/atmel/ATmega_DFP/1.0.106/gcc/dev/atmega328p/avr5/crtatmega328p.o
                0x00000114                __vector_22
                0x00000114                __vector_1
                0x00000114                __vector_24
                0x00000114                __vector_12
                0x00000114                __bad_interrupt
                0x00000114                __vector_6
                0x00000114                __vector_3
                0x00000114                __vector_23
                0x00000114                __vector_25
                0x00000114                __vector_11
                0x00000114                __vector_13
                0x00000114                __vector_17
                0x00000114                __vector_7
                0x00000114                __vector_5
                0x00000114                __vector_4
                0x00000114                __vector_9
                0x00000114                __vector_2
                0x00000114                __vector_21
                0x00000114                __vector_15
                0x00000114                __vector_8
                0x00000114                __vector_14
                0x00000114                __vector_10
                0x00000114                __vector_20
 .text          0x00000118       0x8a C:\Users\peter\Source\Repos\bluetooth_remote\ardruino_quellcode\remote_0.0\ArduinoCore\Debug\libArduinoCore.a(wiring_pulse.o)
                0x00000118                countPulseASM
                0x000001a2                . = ALIGN (0x2)
 *(.text.*)
 .text.setup    0x000001a2       0x52 Sketch.o
                0x000001a2                setup
 .text._Z8isActivei
                0x000001f4       0x84 Sketch.o
                0x000001f4                _Z8isActivei
 .text._Z6isPlayii
                0x00000278       0x54 Sketch.o
                0x00000278                _Z6isPlayii
 .text._Z11sendCommandi
                0x000002cc       0x2a Sketch.o
                0x000002cc                _Z11sendCommandi
 .text._Z4playv
                0x000002f6        0x8 Sketch.o
                0x000002f6                _Z4playv
 .text._Z13previous_songv
                0x000002fe       0x14 Sketch.o
                0x000002fe                _Z13previous_songv
 .text._Z9next_Songv
                0x00000312       0x14 Sketch.o
                0x00000312                _Z9next_Songv
 .text._Z13reduce_volumev
                0x00000326       0x1c Sketch.o
                0x00000326                _Z13reduce_volumev
 .text._Z15increase_volumev
                0x00000342       0x1c Sketch.o
                0x00000342                _Z15increase_volumev
 .text.loop     0x0000035e      0x178 Sketch.o
                0x0000035e                loop
 .text.avr-libc.fplib
                0x000004d6        0x8 c:/program files (x86)/atmel/studio/7.0/toolchain/avr8/avr8-gnu-toolchain/bin/../lib/gcc/avr/4.9.2/../../../../avr/lib/avr5\libm.a(divsf3.o)
                0x000004d6                __divsf3
 .text.avr-libc.fplib
                0x000004de       0xdc c:/program files (x86)/atmel/studio/7.0/toolchain/avr8/avr8-gnu-toolchain/bin/../lib/gcc/avr/4.9.2/../../../../avr/lib/avr5\libm.a(divsf3x.o)
                0x000004fe                __divsf3x
                0x00000504                __divsf3_pse
 .text.avr-libc.fplib
                0x000005ba        0xe c:/program files (x86)/atmel/studio/7.0/toolchain/avr8/avr8-gnu-toolchain/bin/../lib/gcc/avr/4.9.2/../../../../avr/lib/avr5\libm.a(fixsfsi.o)
                0x000005ba                __fixsfsi
 .text.avr-libc.fplib
                0x000005c8       0x5e c:/program files (x86)/atmel/studio/7.0/toolchain/avr8/avr8-gnu-toolchain/bin/../lib/gcc/avr/4.9.2/../../../../avr/lib/avr5\libm.a(fixunssfsi.o)
                0x000005c8                __fixunssfsi
 .text.avr-libc.fplib
                0x00000626       0x7a c:/program files (x86)/atmel/studio/7.0/toolchain/avr8/avr8-gnu-toolchain/bin/../lib/gcc/avr/4.9.2/../../../../avr/lib/avr5\libm.a(floatsisf.o)
                0x00000626                __floatunsisf
                0x0000062a                __floatsisf
 .text.avr-libc.fplib
                0x000006a0        0xc c:/program files (x86)/atmel/studio/7.0/toolchain/avr8/avr8-gnu-toolchain/bin/../lib/gcc/avr/4.9.2/../../../../avr/lib/avr5\libm.a(fp_inf.o)
                0x000006a0                __fp_inf
 .text.avr-libc.fplib
                0x000006ac        0x6 c:/program files (x86)/atmel/studio/7.0/toolchain/avr8/avr8-gnu-toolchain/bin/../lib/gcc/avr/4.9.2/../../../../avr/lib/avr5\libm.a(fp_nan.o)
                0x000006ac                __fp_nan
 .text.avr-libc.fplib
                0x000006b2        0xe c:/program files (x86)/atmel/studio/7.0/toolchain/avr8/avr8-gnu-toolchain/bin/../lib/gcc/avr/4.9.2/../../../../avr/lib/avr5\libm.a(fp_pscA.o)
                0x000006b2                __fp_pscA
 .text.avr-libc.fplib
                0x000006c0        0xe c:/program files (x86)/atmel/studio/7.0/toolchain/avr8/avr8-gnu-toolchain/bin/../lib/gcc/avr/4.9.2/../../../../avr/lib/avr5\libm.a(fp_pscB.o)
                0x000006c0                __fp_pscB
 .text.avr-libc.fplib
                0x000006ce       0x22 c:/program files (x86)/atmel/studio/7.0/toolchain/avr8/avr8-gnu-toolchain/bin/../lib/gcc/avr/4.9.2/../../../../avr/lib/avr5\libm.a(fp_round.o)
                0x000006ce                __fp_round
 .text.avr-libc.fplib
                0x000006f0       0x44 c:/program files (x86)/atmel/studio/7.0/toolchain/avr8/avr8-gnu-toolchain/bin/../lib/gcc/avr/4.9.2/../../../../avr/lib/avr5\libm.a(fp_split3.o)
                0x000006f0                __fp_split3
                0x00000700                __fp_splitA
 .text.avr-libc.fplib
                0x00000734        0xe c:/program files (x86)/atmel/studio/7.0/toolchain/avr8/avr8-gnu-toolchain/bin/../lib/gcc/avr/4.9.2/../../../../avr/lib/avr5\libm.a(fp_zero.o)
                0x00000734                __fp_zero
                0x00000736                __fp_szero
 .text._ZN14HardwareSerial9availableEv
                0x00000742       0x18 C:\Users\peter\Source\Repos\bluetooth_remote\ardruino_quellcode\remote_0.0\ArduinoCore\Debug\libArduinoCore.a(HardwareSerial.o)
                0x00000742                _ZN14HardwareSerial9availableEv
 .text._ZN14HardwareSerial4peekEv
                0x0000075a       0x1c C:\Users\peter\Source\Repos\bluetooth_remote\ardruino_quellcode\remote_0.0\ArduinoCore\Debug\libArduinoCore.a(HardwareSerial.o)
                0x0000075a                _ZN14HardwareSerial4peekEv
 .text._ZN14HardwareSerial4readEv
                0x00000776       0x28 C:\Users\peter\Source\Repos\bluetooth_remote\ardruino_quellcode\remote_0.0\ArduinoCore\Debug\libArduinoCore.a(HardwareSerial.o)
                0x00000776                _ZN14HardwareSerial4readEv
 .text._Z14serialEventRunv
                0x0000079e       0x1c C:\Users\peter\Source\Repos\bluetooth_remote\ardruino_quellcode\remote_0.0\ArduinoCore\Debug\libArduinoCore.a(HardwareSerial.o)
                0x0000079e                _Z14serialEventRunv
 .text._ZN14HardwareSerial17_tx_udr_empty_irqEv
                0x000007ba       0x42 C:\Users\peter\Source\Repos\bluetooth_remote\ardruino_quellcode\remote_0.0\ArduinoCore\Debug\libArduinoCore.a(HardwareSerial.o)
                0x000007ba                _ZN14HardwareSerial17_tx_udr_empty_irqEv
 .text._ZN14HardwareSerial5flushEv
                0x000007fc       0x44 C:\Users\peter\Source\Repos\bluetooth_remote\ardruino_quellcode\remote_0.0\ArduinoCore\Debug\libArduinoCore.a(HardwareSerial.o)
                0x000007fc                _ZN14HardwareSerial5flushEv
 .text._ZN14HardwareSerial5writeEh
                0x00000840       0x8e C:\Users\peter\Source\Repos\bluetooth_remote\ardruino_quellcode\remote_0.0\ArduinoCore\Debug\libArduinoCore.a(HardwareSerial.o)
                0x00000840                _ZN14HardwareSerial5writeEh
 .text._ZN14HardwareSerial5beginEmh
                0x000008ce       0xca C:\Users\peter\Source\Repos\bluetooth_remote\ardruino_quellcode\remote_0.0\ArduinoCore\Debug\libArduinoCore.a(HardwareSerial.o)
                0x000008ce                _ZN14HardwareSerial5beginEmh
 .text.__vector_18
                0x00000998       0x64 C:\Users\peter\Source\Repos\bluetooth_remote\ardruino_quellcode\remote_0.0\ArduinoCore\Debug\libArduinoCore.a(HardwareSerial0.o)
                0x00000998                __vector_18
 .text.__vector_19
                0x000009fc       0x4c C:\Users\peter\Source\Repos\bluetooth_remote\ardruino_quellcode\remote_0.0\ArduinoCore\Debug\libArduinoCore.a(HardwareSerial0.o)
                0x000009fc                __vector_19
 .text._Z17Serial0_availablev
                0x00000a48       0x14 C:\Users\peter\Source\Repos\bluetooth_remote\ardruino_quellcode\remote_0.0\ArduinoCore\Debug\libArduinoCore.a(HardwareSerial0.o)
                0x00000a48                _Z17Serial0_availablev
 .text.startup._GLOBAL__sub_I___vector_18
                0x00000a5c       0x5a C:\Users\peter\Source\Repos\bluetooth_remote\ardruino_quellcode\remote_0.0\ArduinoCore\Debug\libArduinoCore.a(HardwareSerial0.o)
 .text.initVariant
                0x00000ab6        0x2 C:\Users\peter\Source\Repos\bluetooth_remote\ardruino_quellcode\remote_0.0\ArduinoCore\Debug\libArduinoCore.a(main.o)
                0x00000ab6                initVariant
 .text.startup.main
                0x00000ab8       0x1e C:\Users\peter\Source\Repos\bluetooth_remote\ardruino_quellcode\remote_0.0\ArduinoCore\Debug\libArduinoCore.a(main.o)
                0x00000ab8                main
 .text._ZN5Print5writeEPKhj
                0x00000ad6       0x56 C:\Users\peter\Source\Repos\bluetooth_remote\ardruino_quellcode\remote_0.0\ArduinoCore\Debug\libArduinoCore.a(Print.o)
                0x00000ad6                _ZN5Print5writeEPKhj
 .text._ZN5Print5writeEPKc
                0x00000b2c       0x2a C:\Users\peter\Source\Repos\bluetooth_remote\ardruino_quellcode\remote_0.0\ArduinoCore\Debug\libArduinoCore.a(Print.o)
                0x00000b2c                _ZN5Print5writeEPKc
 .text._ZN5Print5printEPKc
                0x00000b56        0x4 C:\Users\peter\Source\Repos\bluetooth_remote\ardruino_quellcode\remote_0.0\ArduinoCore\Debug\libArduinoCore.a(Print.o)
                0x00000b56                _ZN5Print5printEPKc
 .text._ZN5Print5printEc
                0x00000b5a        0xe C:\Users\peter\Source\Repos\bluetooth_remote\ardruino_quellcode\remote_0.0\ArduinoCore\Debug\libArduinoCore.a(Print.o)
                0x00000b5a                _ZN5Print5printEc
 .text._ZN5Print11printNumberEmh
                0x00000b68       0xa8 C:\Users\peter\Source\Repos\bluetooth_remote\ardruino_quellcode\remote_0.0\ArduinoCore\Debug\libArduinoCore.a(Print.o)
                0x00000b68                _ZN5Print11printNumberEmh
 .text._ZN5Print5printEli
                0x00000c10       0x94 C:\Users\peter\Source\Repos\bluetooth_remote\ardruino_quellcode\remote_0.0\ArduinoCore\Debug\libArduinoCore.a(Print.o)
                0x00000c10                _ZN5Print5printEli
 .text._ZN5Print5printEii
                0x00000ca4        0xe C:\Users\peter\Source\Repos\bluetooth_remote\ardruino_quellcode\remote_0.0\ArduinoCore\Debug\libArduinoCore.a(Print.o)
                0x00000ca4                _ZN5Print5printEii
 .text.__vector_16
                0x00000cb2       0x94 C:\Users\peter\Source\Repos\bluetooth_remote\ardruino_quellcode\remote_0.0\ArduinoCore\Debug\libArduinoCore.a(wiring.o)
                0x00000cb2                __vector_16
 .text.micros   0x00000d46       0x4a C:\Users\peter\Source\Repos\bluetooth_remote\ardruino_quellcode\remote_0.0\ArduinoCore\Debug\libArduinoCore.a(wiring.o)
                0x00000d46                micros
 .text.delay    0x00000d90       0x78 C:\Users\peter\Source\Repos\bluetooth_remote\ardruino_quellcode\remote_0.0\ArduinoCore\Debug\libArduinoCore.a(wiring.o)
                0x00000d90                delay
 .text.delayMicroseconds
                0x00000e08       0x16 C:\Users\peter\Source\Repos\bluetooth_remote\ardruino_quellcode\remote_0.0\ArduinoCore\Debug\libArduinoCore.a(wiring.o)
                0x00000e08                delayMicroseconds
 .text.init     0x00000e1e       0x76 C:\Users\peter\Source\Repos\bluetooth_remote\ardruino_quellcode\remote_0.0\ArduinoCore\Debug\libArduinoCore.a(wiring.o)
                0x00000e1e                init
 .text.turnOffPWM
                0x00000e94       0x52 C:\Users\peter\Source\Repos\bluetooth_remote\ardruino_quellcode\remote_0.0\ArduinoCore\Debug\libArduinoCore.a(wiring_digital.o)
 .text.pinMode  0x00000ee6       0x78 C:\Users\peter\Source\Repos\bluetooth_remote\ardruino_quellcode\remote_0.0\ArduinoCore\Debug\libArduinoCore.a(wiring_digital.o)
                0x00000ee6                pinMode
 .text.digitalWrite
                0x00000f5e       0x60 C:\Users\peter\Source\Repos\bluetooth_remote\ardruino_quellcode\remote_0.0\ArduinoCore\Debug\libArduinoCore.a(wiring_digital.o)
                0x00000f5e                digitalWrite
 .text.pulseIn  0x00000fbe       0x64 C:\Users\peter\Source\Repos\bluetooth_remote\ardruino_quellcode\remote_0.0\ArduinoCore\Debug\libArduinoCore.a(wiring_pulse.o)
                0x00000fbe                pulseIn
 .text.__empty  0x00001022        0x2 C:\Users\peter\Source\Repos\bluetooth_remote\ardruino_quellcode\remote_0.0\ArduinoCore\Debug\libArduinoCore.a(hooks.o)
                0x00001022                yield
 .text.libgcc.div
                0x00001024       0x44 c:/program files (x86)/atmel/studio/7.0/toolchain/avr8/avr8-gnu-toolchain/bin/../lib/gcc/avr/4.9.2/avr5\libgcc.a(_udivmodsi4.o)
                0x00001024                __udivmodsi4
 .text.libgcc.div
                0x00001068       0x2e c:/program files (x86)/atmel/studio/7.0/toolchain/avr8/avr8-gnu-toolchain/bin/../lib/gcc/avr/4.9.2/avr5\libgcc.a(_divmodsi4.o)
                0x00001068                __divmodsi4
 .text.libgcc.div
                0x00001096       0x10 c:/program files (x86)/atmel/studio/7.0/toolchain/avr8/avr8-gnu-toolchain/bin/../lib/gcc/avr/4.9.2/avr5\libgcc.a(_negsi2.o)
                0x00001096                __negsi2
 .text.libgcc   0x000010a6        0xc c:/program files (x86)/atmel/studio/7.0/toolchain/avr8/avr8-gnu-toolchain/bin/../lib/gcc/avr/4.9.2/avr5\libgcc.a(_tablejump2.o)
                0x000010a6                __tablejump2__
                0x000010b2                . = ALIGN (0x2)
 *(.fini9)
 .fini9         0x000010b2        0x0 c:/program files (x86)/atmel/studio/7.0/toolchain/avr8/avr8-gnu-toolchain/bin/../lib/gcc/avr/4.9.2/avr5\libgcc.a(_exit.o)
                0x000010b2                _exit
                0x000010b2                exit
 *(.fini9)
 *(.fini8)
 *(.fini8)
 *(.fini7)
 *(.fini7)
 *(.fini6)
 *(.fini6)
 *(.fini5)
 *(.fini5)
 *(.fini4)
 *(.fini4)
 *(.fini3)
 *(.fini3)
 *(.fini2)
 *(.fini2)
 *(.fini1)
 *(.fini1)
 *(.fini0)
 .fini0         0x000010b2        0x4 c:/program files (x86)/atmel/studio/7.0/toolchain/avr8/avr8-gnu-toolchain/bin/../lib/gcc/avr/4.9.2/avr5\libgcc.a(_exit.o)
 *(.fini0)
                0x000010b6                _etext = .

.data           0x00800100       0x24 load address 0x000010b6
                0x00800100                PROVIDE (__data_start, .)
 *(.data)
 *(.data*)
 .data.delay_time
                0x00800100        0x2 Sketch.o
                0x00800100                delay_time
 .data.LED02    0x00800102        0x2 Sketch.o
                0x00800102                LED02
 .data.LED01    0x00800104        0x2 Sketch.o
                0x00800104                LED01
 *(.rodata)
 *(.rodata*)
 .rodata.str1.1
                0x00800106        0xd Sketch.o
 .rodata._ZTV14HardwareSerial
                0x00800113       0x10 C:\Users\peter\Source\Repos\bluetooth_remote\ardruino_quellcode\remote_0.0\ArduinoCore\Debug\libArduinoCore.a(HardwareSerial.o)
                0x00800113                _ZTV14HardwareSerial
 *(.gnu.linkonce.d*)
                0x00800124                . = ALIGN (0x2)
 *fill*         0x00800123        0x1 
                0x00800124                _edata = .
                0x00800124                PROVIDE (__data_end, .)

.bss            0x00800124       0xa6
                0x00800124                PROVIDE (__bss_start, .)
 *(.bss)
 *(.bss*)
 .bss.Serial    0x00800124       0x9d C:\Users\peter\Source\Repos\bluetooth_remote\ardruino_quellcode\remote_0.0\ArduinoCore\Debug\libArduinoCore.a(HardwareSerial0.o)
                0x00800124                Serial
 .bss.timer0_fract
                0x008001c1        0x1 C:\Users\peter\Source\Repos\bluetooth_remote\ardruino_quellcode\remote_0.0\ArduinoCore\Debug\libArduinoCore.a(wiring.o)
 .bss.timer0_millis
                0x008001c2        0x4 C:\Users\peter\Source\Repos\bluetooth_remote\ardruino_quellcode\remote_0.0\ArduinoCore\Debug\libArduinoCore.a(wiring.o)
                0x008001c2                timer0_millis
 .bss.timer0_overflow_count
                0x008001c6        0x4 C:\Users\peter\Source\Repos\bluetooth_remote\ardruino_quellcode\remote_0.0\ArduinoCore\Debug\libArduinoCore.a(wiring.o)
                0x008001c6                timer0_overflow_count
 *(COMMON)
                0x008001ca                PROVIDE (__bss_end, .)
                0x000010b6                __data_load_start = LOADADDR (.data)
                0x000010da                __data_load_end = (__data_load_start + SIZEOF (.data))

.noinit         0x008001ca        0x0
                [!provide]                PROVIDE (__noinit_start, .)
 *(.noinit*)
                [!provide]                PROVIDE (__noinit_end, .)
                0x008001ca                _end = .
                [!provide]                PROVIDE (__heap_start, .)

.eeprom         0x00810000        0x0
 *(.eeprom*)
                0x00810000                __eeprom_end = .

.fuse
 *(.fuse)
 *(.lfuse)
 *(.hfuse)
 *(.efuse)

.lock
 *(.lock*)

.signature
 *(.signature*)

.user_signatures
 *(.user_signatures*)

.stab
 *(.stab)

.stabstr
 *(.stabstr)

.stab.excl
 *(.stab.excl)

.stab.exclstr
 *(.stab.exclstr)

.stab.index
 *(.stab.index)

.stab.indexstr
 *(.stab.indexstr)

.comment        0x00000000       0x30
 *(.comment)
 .comment       0x00000000       0x30 Sketch.o
                                 0x31 (size before relaxing)
 .comment       0x00000030       0x31 C:\Users\peter\Source\Repos\bluetooth_remote\ardruino_quellcode\remote_0.0\ArduinoCore\Debug\libArduinoCore.a(HardwareSerial.o)
 .comment       0x00000030       0x31 C:\Users\peter\Source\Repos\bluetooth_remote\ardruino_quellcode\remote_0.0\ArduinoCore\Debug\libArduinoCore.a(HardwareSerial0.o)
 .comment       0x00000030       0x31 C:\Users\peter\Source\Repos\bluetooth_remote\ardruino_quellcode\remote_0.0\ArduinoCore\Debug\libArduinoCore.a(main.o)
 .comment       0x00000030       0x31 C:\Users\peter\Source\Repos\bluetooth_remote\ardruino_quellcode\remote_0.0\ArduinoCore\Debug\libArduinoCore.a(Print.o)
 .comment       0x00000030       0x31 C:\Users\peter\Source\Repos\bluetooth_remote\ardruino_quellcode\remote_0.0\ArduinoCore\Debug\libArduinoCore.a(wiring.o)
 .comment       0x00000030       0x31 C:\Users\peter\Source\Repos\bluetooth_remote\ardruino_quellcode\remote_0.0\ArduinoCore\Debug\libArduinoCore.a(wiring_digital.o)
 .comment       0x00000030       0x31 C:\Users\peter\Source\Repos\bluetooth_remote\ardruino_quellcode\remote_0.0\ArduinoCore\Debug\libArduinoCore.a(wiring_pulse.o)
 .comment       0x00000030       0x31 C:\Users\peter\Source\Repos\bluetooth_remote\ardruino_quellcode\remote_0.0\ArduinoCore\Debug\libArduinoCore.a(hooks.o)

.note.gnu.avr.deviceinfo
                0x00000000       0x40
 .note.gnu.avr.deviceinfo
                0x00000000       0x40 C:/Program Files (x86)/Atmel/Studio/7.0/Packs/atmel/ATmega_DFP/1.0.106/gcc/dev/atmega328p/avr5/crtatmega328p.o

.note.gnu.build-id
 *(.note.gnu.build-id)

.debug
 *(.debug)

.line
 *(.line)

.debug_srcinfo
 *(.debug_srcinfo)

.debug_sfnames
 *(.debug_sfnames)

.debug_aranges  0x00000000      0x318
 *(.debug_aranges)
 .debug_aranges
                0x00000000       0x68 Sketch.o
 .debug_aranges
                0x00000068       0x68 C:\Users\peter\Source\Repos\bluetooth_remote\ardruino_quellcode\remote_0.0\ArduinoCore\Debug\libArduinoCore.a(HardwareSerial.o)
 .debug_aranges
                0x000000d0       0x38 C:\Users\peter\Source\Repos\bluetooth_remote\ardruino_quellcode\remote_0.0\ArduinoCore\Debug\libArduinoCore.a(HardwareSerial0.o)
 .debug_aranges
                0x00000108       0x38 C:\Users\peter\Source\Repos\bluetooth_remote\ardruino_quellcode\remote_0.0\ArduinoCore\Debug\libArduinoCore.a(main.o)
 .debug_aranges
                0x00000140       0xf0 C:\Users\peter\Source\Repos\bluetooth_remote\ardruino_quellcode\remote_0.0\ArduinoCore\Debug\libArduinoCore.a(Print.o)
 .debug_aranges
                0x00000230       0x48 C:\Users\peter\Source\Repos\bluetooth_remote\ardruino_quellcode\remote_0.0\ArduinoCore\Debug\libArduinoCore.a(wiring.o)
 .debug_aranges
                0x00000278       0x38 C:\Users\peter\Source\Repos\bluetooth_remote\ardruino_quellcode\remote_0.0\ArduinoCore\Debug\libArduinoCore.a(wiring_digital.o)
 .debug_aranges
                0x000002b0       0x28 C:\Users\peter\Source\Repos\bluetooth_remote\ardruino_quellcode\remote_0.0\ArduinoCore\Debug\libArduinoCore.a(wiring_pulse.o)
 .debug_aranges
                0x000002d8       0x20 C:\Users\peter\Source\Repos\bluetooth_remote\ardruino_quellcode\remote_0.0\ArduinoCore\Debug\libArduinoCore.a(hooks.o)
 .debug_aranges
                0x000002f8       0x20 C:\Users\peter\Source\Repos\bluetooth_remote\ardruino_quellcode\remote_0.0\ArduinoCore\Debug\libArduinoCore.a(wiring_pulse.o)

.debug_pubnames
 *(.debug_pubnames)

.debug_info     0x00000000     0x7d8a
 *(.debug_info .gnu.linkonce.wi.*)
 .debug_info    0x00000000      0xad4 Sketch.o
 .debug_info    0x00000ad4     0x1e31 C:\Users\peter\Source\Repos\bluetooth_remote\ardruino_quellcode\remote_0.0\ArduinoCore\Debug\libArduinoCore.a(HardwareSerial.o)
 .debug_info    0x00002905     0x1a2a C:\Users\peter\Source\Repos\bluetooth_remote\ardruino_quellcode\remote_0.0\ArduinoCore\Debug\libArduinoCore.a(HardwareSerial0.o)
 .debug_info    0x0000432f      0x231 C:\Users\peter\Source\Repos\bluetooth_remote\ardruino_quellcode\remote_0.0\ArduinoCore\Debug\libArduinoCore.a(main.o)
 .debug_info    0x00004560     0x29e1 C:\Users\peter\Source\Repos\bluetooth_remote\ardruino_quellcode\remote_0.0\ArduinoCore\Debug\libArduinoCore.a(Print.o)
 .debug_info    0x00006f41      0x2c8 C:\Users\peter\Source\Repos\bluetooth_remote\ardruino_quellcode\remote_0.0\ArduinoCore\Debug\libArduinoCore.a(wiring.o)
 .debug_info    0x00007209      0x5f9 C:\Users\peter\Source\Repos\bluetooth_remote\ardruino_quellcode\remote_0.0\ArduinoCore\Debug\libArduinoCore.a(wiring_digital.o)
 .debug_info    0x00007802      0x49c C:\Users\peter\Source\Repos\bluetooth_remote\ardruino_quellcode\remote_0.0\ArduinoCore\Debug\libArduinoCore.a(wiring_pulse.o)
 .debug_info    0x00007c9e       0x3e C:\Users\peter\Source\Repos\bluetooth_remote\ardruino_quellcode\remote_0.0\ArduinoCore\Debug\libArduinoCore.a(hooks.o)
 .debug_info    0x00007cdc       0xae C:\Users\peter\Source\Repos\bluetooth_remote\ardruino_quellcode\remote_0.0\ArduinoCore\Debug\libArduinoCore.a(wiring_pulse.o)

.debug_abbrev   0x00000000     0x14f2
 *(.debug_abbrev)
 .debug_abbrev  0x00000000      0x30d Sketch.o
 .debug_abbrev  0x0000030d      0x478 C:\Users\peter\Source\Repos\bluetooth_remote\ardruino_quellcode\remote_0.0\ArduinoCore\Debug\libArduinoCore.a(HardwareSerial.o)
 .debug_abbrev  0x00000785      0x3b1 C:\Users\peter\Source\Repos\bluetooth_remote\ardruino_quellcode\remote_0.0\ArduinoCore\Debug\libArduinoCore.a(HardwareSerial0.o)
 .debug_abbrev  0x00000b36      0x109 C:\Users\peter\Source\Repos\bluetooth_remote\ardruino_quellcode\remote_0.0\ArduinoCore\Debug\libArduinoCore.a(main.o)
 .debug_abbrev  0x00000c3f      0x487 C:\Users\peter\Source\Repos\bluetooth_remote\ardruino_quellcode\remote_0.0\ArduinoCore\Debug\libArduinoCore.a(Print.o)
 .debug_abbrev  0x000010c6      0x145 C:\Users\peter\Source\Repos\bluetooth_remote\ardruino_quellcode\remote_0.0\ArduinoCore\Debug\libArduinoCore.a(wiring.o)
 .debug_abbrev  0x0000120b      0x15b C:\Users\peter\Source\Repos\bluetooth_remote\ardruino_quellcode\remote_0.0\ArduinoCore\Debug\libArduinoCore.a(wiring_digital.o)
 .debug_abbrev  0x00001366      0x14e C:\Users\peter\Source\Repos\bluetooth_remote\ardruino_quellcode\remote_0.0\ArduinoCore\Debug\libArduinoCore.a(wiring_pulse.o)
 .debug_abbrev  0x000014b4       0x2a C:\Users\peter\Source\Repos\bluetooth_remote\ardruino_quellcode\remote_0.0\ArduinoCore\Debug\libArduinoCore.a(hooks.o)
 .debug_abbrev  0x000014de       0x14 C:\Users\peter\Source\Repos\bluetooth_remote\ardruino_quellcode\remote_0.0\ArduinoCore\Debug\libArduinoCore.a(wiring_pulse.o)

.debug_line     0x00000000     0x1b6e
 *(.debug_line .debug_line.* .debug_line_end)
 .debug_line    0x00000000      0x44c Sketch.o
 .debug_line    0x0000044c      0x426 C:\Users\peter\Source\Repos\bluetooth_remote\ardruino_quellcode\remote_0.0\ArduinoCore\Debug\libArduinoCore.a(HardwareSerial.o)
 .debug_line    0x00000872      0x257 C:\Users\peter\Source\Repos\bluetooth_remote\ardruino_quellcode\remote_0.0\ArduinoCore\Debug\libArduinoCore.a(HardwareSerial0.o)
 .debug_line    0x00000ac9      0x175 C:\Users\peter\Source\Repos\bluetooth_remote\ardruino_quellcode\remote_0.0\ArduinoCore\Debug\libArduinoCore.a(main.o)
 .debug_line    0x00000c3e      0x644 C:\Users\peter\Source\Repos\bluetooth_remote\ardruino_quellcode\remote_0.0\ArduinoCore\Debug\libArduinoCore.a(Print.o)
 .debug_line    0x00001282      0x299 C:\Users\peter\Source\Repos\bluetooth_remote\ardruino_quellcode\remote_0.0\ArduinoCore\Debug\libArduinoCore.a(wiring.o)
 .debug_line    0x0000151b      0x252 C:\Users\peter\Source\Repos\bluetooth_remote\ardruino_quellcode\remote_0.0\ArduinoCore\Debug\libArduinoCore.a(wiring_digital.o)
 .debug_line    0x0000176d      0x1ca C:\Users\peter\Source\Repos\bluetooth_remote\ardruino_quellcode\remote_0.0\ArduinoCore\Debug\libArduinoCore.a(wiring_pulse.o)
 .debug_line    0x00001937       0x41 C:\Users\peter\Source\Repos\bluetooth_remote\ardruino_quellcode\remote_0.0\ArduinoCore\Debug\libArduinoCore.a(hooks.o)
 .debug_line    0x00001978      0x1f6 C:\Users\peter\Source\Repos\bluetooth_remote\ardruino_quellcode\remote_0.0\ArduinoCore\Debug\libArduinoCore.a(wiring_pulse.o)

.debug_frame    0x00000000      0x8c8
 *(.debug_frame)
 .debug_frame   0x00000000      0x114 Sketch.o
 .debug_frame   0x00000114      0x110 C:\Users\peter\Source\Repos\bluetooth_remote\ardruino_quellcode\remote_0.0\ArduinoCore\Debug\libArduinoCore.a(HardwareSerial.o)
 .debug_frame   0x00000224       0xc0 C:\Users\peter\Source\Repos\bluetooth_remote\ardruino_quellcode\remote_0.0\ArduinoCore\Debug\libArduinoCore.a(HardwareSerial0.o)
 .debug_frame   0x000002e4       0x54 C:\Users\peter\Source\Repos\bluetooth_remote\ardruino_quellcode\remote_0.0\ArduinoCore\Debug\libArduinoCore.a(main.o)
 .debug_frame   0x00000338      0x39c C:\Users\peter\Source\Repos\bluetooth_remote\ardruino_quellcode\remote_0.0\ArduinoCore\Debug\libArduinoCore.a(Print.o)
 .debug_frame   0x000006d4       0xc4 C:\Users\peter\Source\Repos\bluetooth_remote\ardruino_quellcode\remote_0.0\ArduinoCore\Debug\libArduinoCore.a(wiring.o)
 .debug_frame   0x00000798       0x7c C:\Users\peter\Source\Repos\bluetooth_remote\ardruino_quellcode\remote_0.0\ArduinoCore\Debug\libArduinoCore.a(wiring_digital.o)
 .debug_frame   0x00000814       0x90 C:\Users\peter\Source\Repos\bluetooth_remote\ardruino_quellcode\remote_0.0\ArduinoCore\Debug\libArduinoCore.a(wiring_pulse.o)
 .debug_frame   0x000008a4       0x24 C:\Users\peter\Source\Repos\bluetooth_remote\ardruino_quellcode\remote_0.0\ArduinoCore\Debug\libArduinoCore.a(hooks.o)

.debug_str      0x00000000     0x1bae
 *(.debug_str)
 .debug_str     0x00000000      0x483 Sketch.o
                                0x4e6 (size before relaxing)
 .debug_str     0x00000483     0x103d C:\Users\peter\Source\Repos\bluetooth_remote\ardruino_quellcode\remote_0.0\ArduinoCore\Debug\libArduinoCore.a(HardwareSerial.o)
                               0x1335 (size before relaxing)
 .debug_str     0x000014c0       0x8b C:\Users\peter\Source\Repos\bluetooth_remote\ardruino_quellcode\remote_0.0\ArduinoCore\Debug\libArduinoCore.a(HardwareSerial0.o)
                               0x1135 (size before relaxing)
 .debug_str     0x0000154b       0x43 C:\Users\peter\Source\Repos\bluetooth_remote\ardruino_quellcode\remote_0.0\ArduinoCore\Debug\libArduinoCore.a(main.o)
                                0x2c0 (size before relaxing)
 .debug_str     0x0000158e      0x395 C:\Users\peter\Source\Repos\bluetooth_remote\ardruino_quellcode\remote_0.0\ArduinoCore\Debug\libArduinoCore.a(Print.o)
                                0xf91 (size before relaxing)
 .debug_str     0x00001923      0x148 C:\Users\peter\Source\Repos\bluetooth_remote\ardruino_quellcode\remote_0.0\ArduinoCore\Debug\libArduinoCore.a(wiring.o)
                                0x24a (size before relaxing)
 .debug_str     0x00001a6b       0xc7 C:\Users\peter\Source\Repos\bluetooth_remote\ardruino_quellcode\remote_0.0\ArduinoCore\Debug\libArduinoCore.a(wiring_digital.o)
                                0x2af (size before relaxing)
 .debug_str     0x00001b32       0x60 C:\Users\peter\Source\Repos\bluetooth_remote\ardruino_quellcode\remote_0.0\ArduinoCore\Debug\libArduinoCore.a(wiring_pulse.o)
                                0x293 (size before relaxing)
 .debug_str     0x00001b92       0x1c C:\Users\peter\Source\Repos\bluetooth_remote\ardruino_quellcode\remote_0.0\ArduinoCore\Debug\libArduinoCore.a(hooks.o)
                                0x13f (size before relaxing)

.debug_loc      0x00000000     0x35e4
 *(.debug_loc)
 .debug_loc     0x00000000      0x419 Sketch.o
 .debug_loc     0x00000419      0x497 C:\Users\peter\Source\Repos\bluetooth_remote\ardruino_quellcode\remote_0.0\ArduinoCore\Debug\libArduinoCore.a(HardwareSerial.o)
 .debug_loc     0x000008b0      0x161 C:\Users\peter\Source\Repos\bluetooth_remote\ardruino_quellcode\remote_0.0\ArduinoCore\Debug\libArduinoCore.a(HardwareSerial0.o)
 .debug_loc     0x00000a11     0x1f0e C:\Users\peter\Source\Repos\bluetooth_remote\ardruino_quellcode\remote_0.0\ArduinoCore\Debug\libArduinoCore.a(Print.o)
 .debug_loc     0x0000291f      0x269 C:\Users\peter\Source\Repos\bluetooth_remote\ardruino_quellcode\remote_0.0\ArduinoCore\Debug\libArduinoCore.a(wiring.o)
 .debug_loc     0x00002b88      0x5e3 C:\Users\peter\Source\Repos\bluetooth_remote\ardruino_quellcode\remote_0.0\ArduinoCore\Debug\libArduinoCore.a(wiring_digital.o)
 .debug_loc     0x0000316b      0x479 C:\Users\peter\Source\Repos\bluetooth_remote\ardruino_quellcode\remote_0.0\ArduinoCore\Debug\libArduinoCore.a(wiring_pulse.o)

.debug_macinfo
 *(.debug_macinfo)

.debug_weaknames
 *(.debug_weaknames)

.debug_funcnames
 *(.debug_funcnames)

.debug_typenames
 *(.debug_typenames)

.debug_varnames
 *(.debug_varnames)

.debug_pubtypes
 *(.debug_pubtypes)

.debug_ranges   0x00000000      0x2f8
 *(.debug_ranges)
 .debug_ranges  0x00000000       0x88 Sketch.o
 .debug_ranges  0x00000088       0x70 C:\Users\peter\Source\Repos\bluetooth_remote\ardruino_quellcode\remote_0.0\ArduinoCore\Debug\libArduinoCore.a(HardwareSerial.o)
 .debug_ranges  0x000000f8       0x28 C:\Users\peter\Source\Repos\bluetooth_remote\ardruino_quellcode\remote_0.0\ArduinoCore\Debug\libArduinoCore.a(HardwareSerial0.o)
 .debug_ranges  0x00000120       0x28 C:\Users\peter\Source\Repos\bluetooth_remote\ardruino_quellcode\remote_0.0\ArduinoCore\Debug\libArduinoCore.a(main.o)
 .debug_ranges  0x00000148      0x128 C:\Users\peter\Source\Repos\bluetooth_remote\ardruino_quellcode\remote_0.0\ArduinoCore\Debug\libArduinoCore.a(Print.o)
 .debug_ranges  0x00000270       0x38 C:\Users\peter\Source\Repos\bluetooth_remote\ardruino_quellcode\remote_0.0\ArduinoCore\Debug\libArduinoCore.a(wiring.o)
 .debug_ranges  0x000002a8       0x28 C:\Users\peter\Source\Repos\bluetooth_remote\ardruino_quellcode\remote_0.0\ArduinoCore\Debug\libArduinoCore.a(wiring_digital.o)
 .debug_ranges  0x000002d0       0x18 C:\Users\peter\Source\Repos\bluetooth_remote\ardruino_quellcode\remote_0.0\ArduinoCore\Debug\libArduinoCore.a(wiring_pulse.o)
 .debug_ranges  0x000002e8       0x10 C:\Users\peter\Source\Repos\bluetooth_remote\ardruino_quellcode\remote_0.0\ArduinoCore\Debug\libArduinoCore.a(hooks.o)

.debug_macro
 *(.debug_macro)
OUTPUT(sketch_sep06a.elf elf32-avr)
LOAD linker stubs
